******************************************************************************
                  TI ARM Linker PC v20.2.6                     
******************************************************************************
>> Linked Sun Apr 17 10:21:40 2022

OUTPUT FILE NAME:   <gpiointerrupt_CC3220S_LAUNCHXL_nortos_ccs.out>
ENTRY POINT SYMBOL: "resetISR"  address: 200122a5


MEMORY CONFIGURATION

         name            origin    length      used     unused   attr    fill
----------------------  --------  ---------  --------  --------  ----  --------
  SRAM2                 20000000   00004000  0000130c  00002cf4  RW X
  SRAM                  20004000   0003c000  0000f7de  0002c822  RW X
  LOG_DATA              90000000   00040000  00000000  00040000  R   


SEGMENT ALLOCATION MAP

run origin  load origin   length   init length attrs members
----------  ----------- ---------- ----------- ----- -------
20003000    20003000    00001000   00000000    rw-
  20003000    20003000    00001000   00000000    rw- .stack
20004000    20004000    00000040   00000040    r--
  20004000    20004000    00000040   00000040    r-- .resetVecs
20004040    20004040    00008000   00000000    rw-
  20004040    20004040    00008000   00000000    rw- .sysmem
2000c040    2000c040    000067bc   000067bc    r-x
  2000c040    2000c040    000067bc   000067bc    r-x .text
200127fc    200127fc    000005c0   00000000    rw-
  200127fc    200127fc    000005c0   00000000    rw- .data
20012dbc    20012dbc    0000052e   0000052e    r--
  20012dbc    20012dbc    0000052e   0000052e    r-- .const
200132f0    200132f0    00000404   00000000    rw-
  200132f0    200132f0    00000404   00000000    rw- .bss
200136f8    200136f8    000000f0   000000f0    r--
  200136f8    200136f8    000000f0   000000f0    r-- .cinit


SECTION ALLOCATION MAP

 output                                  attributes/
section   page    origin      length       input sections
--------  ----  ----------  ----------   ----------------
.text      0    2000c040    000067bc     
                  2000c040    00000a4e     rtsv7M4_T_le_eabi.lib : _printfi.c.obj (.text:__TI_printfi)
                  2000ca8e    00000002     ti_drivers_config.obj (.text:Board_initHook)
                  2000ca90    0000042c     driverlib.a : prcm.obj (.text:PRCMCC3200MCUInit)
                  2000cebc    00000288     drivers_cc32xx.a : UARTCC32XX.oem4 (.text:UARTCC32XX_open)
                  2000d144    00000268     rtsv7M4_T_le_eabi.lib : _printfi.c.obj (.text:_pconv_a)
                  2000d3ac    00000250     gpiointerrupt.obj (.text:initI2C)
                  2000d5fc    00000214     gpiointerrupt.obj (.text:mainThread)
                  2000d810    000001e4     drivers_cc32xx.a : GPIOCC32XX.oem4 (.text:GPIO_setConfig)
                  2000d9f4    000001cc     rtsv7M4_T_le_eabi.lib : _printfi.c.obj (.text:_pconv_g)
                  2000dbc0    000001b6                           : fd_add_t2.asm.obj (.text)
                  2000dd76    00000002     drivers_cc32xx.a : I2C.oem4 (.text:I2C_init)
                  2000dd78    0000019c     nortos_cc32xx.a : PowerCC32XX_nortos.oem4 (.text:PowerCC32XX_sleepPolicy)
                  2000df14    00000148     drivers_cc32xx.a : I2CCC32XX.oem4 (.text:I2CCC32XX_hwiFxn)
                  2000e05c    00000148                      : PowerCC32XX.oem4 (.text:parkPins)
                  2000e1a4    0000013c     rtsv7M4_T_le_eabi.lib : _printfi.c.obj (.text:_pconv_e)
                  2000e2e0    00000138     drivers_cc32xx.a : PowerCC32XX.oem4 (.text:Power_sleep)
                  2000e418    00000136     rtsv7M4_T_le_eabi.lib : fd_div_t2.asm.obj (.text)
                  2000e54e    00000002     nortos_cc32xx.a : PowerCC32XX_nortos.oem4 (.text:PowerCC32XX_initPolicy)
                  2000e550    00000128     drivers_cc32xx.a : TimerCC32XX.oem4 (.text:TimerCC32XX_open)
                  2000e678    00000122                      : I2C.oem4 (.text:I2C_transferTimeout)
                  2000e79a    00000002                      : TimerCC32XX.oem4 (.text:TimerCC32XX_init)
                  2000e79c    00000120                      : UARTCC32XX.oem4 (.text:UARTCC32XX_close)
                  2000e8bc    00000120     rtsv7M4_T_le_eabi.lib : _printfi.c.obj (.text:fcvt)
                  2000e9dc    00000120     gpiointerrupt.obj (.text:readTemp)
                  2000eafc    00000100     rtsv7M4_T_le_eabi.lib : memory.c.obj (.text:aligned_alloc)
                  2000ebfc    000000fc     drivers_cc32xx.a : I2CCC32XX.oem4 (.text:I2C_open)
                  2000ecf8    000000fc     rtsv7M4_T_le_eabi.lib : fd_mul_t2.asm.obj (.text)
                  2000edf4    000000f2     drivers_cc32xx.a : UARTCC32XX.oem4 (.text:UARTCC32XX_control)
                  2000eee6    00000002                      : UARTCC32XX.oem4 (.text:UARTCC32XX_init)
                  2000eee8    000000e4     rtsv7M4_T_le_eabi.lib : memory.c.obj (.text:free)
                  2000efcc    000000d0                           : s_scalbn.c.obj (.text:scalbn)
                  2000f09c    000000ca     drivers_cc32xx.a : UARTCC32XX.oem4 (.text:UARTCC32XX_write)
                  2000f166    00000002     rtsv7M4_T_le_eabi.lib : _lock.c.obj (.text:_nop)
                  2000f168    000000c4     drivers_cc32xx.a : GPIOCC32XX.oem4 (.text:GPIO_init)
                  2000f22c    000000c0                      : PowerCC32XX.oem4 (.text:restoreParkedPins)
                  2000f2ec    000000ba                      : UARTCC32XX.oem4 (.text:UARTCC32XX_readPolling)
                  2000f3a6    00000002     nortos_cc32xx.a : startup_cc32xx_ccs.oem4 (.text:busFaultHandler)
                  2000f3a8    000000b8     drivers_cc32xx.a : UARTCC32XX.oem4 (.text:initHw)
                  2000f460    000000b6                      : UARTCC32XX.oem4 (.text:readTaskCallback)
                  2000f516    000000b2                      : I2CCC32XX.oem4 (.text:I2CCC32XX_completeTransfer)
                  2000f5c8    000000b1     rtsv7M4_T_le_eabi.lib : _printfi.c.obj (.text:_ltostr)
                  2000f679    00000001     --HOLE-- [fill = 0]
                  2000f67a    000000b0     drivers_cc32xx.a : UARTCC32XX.oem4 (.text:readTaskBlocking)
                  2000f72a    000000ae                      : UARTCC32XX.oem4 (.text:readIsrTextBlocking)
                  2000f7d8    000000a8                      : I2CCC32XX.oem4 (.text:I2CCC32XX_primeWriteBurst)
                  2000f880    000000a8     driverlib.a : interrupt.obj (.text:IntEnable)
                  2000f928    000000a8     drivers_cc32xx.a : PowerCC32XX.oem4 (.text:PowerCC32XX_configureWakeup)
                  2000f9d0    000000a2                      : UARTCC32XX.oem4 (.text:readIsrTextCallback)
                  2000fa72    000000a2                      : UARTCC32XX.oem4 (.text:writeData)
                  2000fb14    000000a0     nortos_cc32xx.a : SemaphoreP_nortos.oem4 (.text:SemaphoreP_pend)
                  2000fbb4    0000009c     drivers_cc32xx.a : I2CCC32XX.oem4 (.text:I2CCC32XX_initHw)
                  2000fc50    0000009c     rtsv7M4_T_le_eabi.lib : memcpy_t2.asm.obj (.text)
                  2000fcec    00000098     drivers_cc32xx.a : GPIOCC32XX.oem4 (.text:powerNotifyFxn)
                  2000fd84    00000096     rtsv7M4_T_le_eabi.lib : ull_div_t2.asm.obj (.text)
                  2000fe1a    00000002     nortos_cc32xx.a : SemaphoreP_nortos.oem4 (.text:clkFxn)
                  2000fe1c    00000090     drivers_cc32xx.a : PowerCC32XX.oem4 (.text:restoreNVICRegs)
                  2000feac    0000008c     nortos_cc32xx.a : HwiPCC32XX_nortos.oem4 (.text:HwiP_construct)
                  2000ff38    00000088     driverlib.a : interrupt.obj (.text:IntPendSet)
                  2000ffc0    00000088                 : pin.obj (.text:PinConfigSet)
                  20010048    00000088     drivers_cc32xx.a : TimerCC32XX.oem4 (.text:TimerCC32XX_setPeriod)
                  200100d0    00000086     rtsv7M4_T_le_eabi.lib : fd_cmp_t2.asm.obj (.text:__aeabi_cdcmple)
                  20010156    00000086                           : fd_cmp_t2.asm.obj (.text:__aeabi_cdrcmple)
                  200101dc    00000084     drivers_cc32xx.a : PowerCC32XX.oem4 (.text:Power_init)
                  20010260    00000084                      : PowerCC32XX.oem4 (.text:saveNVICRegs)
                  200102e4    00000080                      : PowerCC32XX.oem4 (.text:Power_setDependency)
                  20010364    0000007c                      : UARTCC32XX.oem4 (.text:readIsrBinaryBlocking)
                  200103e0    0000007a                      : I2CCC32XX.oem4 (.text:I2CCC32XX_primeReadBurst)
                  2001045a    0000007a     rtsv7M4_T_le_eabi.lib : fs_mul_t2.asm.obj (.text)
                  200104d4    0000007a                           : memset_t2.asm.obj (.text)
                  2001054e    00000002     nortos_cc32xx.a : startup_cc32xx_ccs.oem4 (.text:defaultHandler)
                  20010550    00000078     drivers_cc32xx.a : GPIOCC32XX.oem4 (.text:GPIO_hwiIntFxn)
                  200105c8    00000078                      : TimerCC32XX.oem4 (.text:TimerCC32XX_start)
                  20010640    00000078                      : UARTCC32XX.oem4 (.text:readIsrBinaryCallback)
                  200106b8    00000074                      : UARTCC32XX.oem4 (.text:UARTCC32XX_hwiIntFxn)
                  2001072c    00000070     rtsv7M4_T_le_eabi.lib : memory.c.obj (.text:split)
                  2001079c    0000006e                           : _printfi.c.obj (.text:_mcpy)
                  2001080a    0000006a     drivers_cc32xx.a : I2CCC32XX.oem4 (.text:I2CSupport_primeTransfer)
                  20010874    00000068     gpiointerrupt.obj (.text:UART_init)
                  200108dc    00000068     rtsv7M4_T_le_eabi.lib : copy_decompress_lzss.c.obj (.text:decompress:lzss:__TI_decompress_lzss)
                  20010944    00000068     gpiointerrupt.obj (.text:printOutput)
                  200109ac    00000066     drivers_cc32xx.a : UARTCC32XX.oem4 (.text:UARTCC32XX_writeCancel)
                  20010a12    00000002     nortos_cc32xx.a : startup_cc32xx_ccs.oem4 (.text:faultISR)
                  20010a14    00000064     drivers_cc32xx.a : PowerCC32XX.oem4 (.text:PowerCC32XX_setParkState)
                  20010a78    00000062                      : UARTCC32XX.oem4 (.text:UARTCC32XX_writePolling)
                  20010ada    00000002     nortos_cc32xx.a : startup_cc32xx_ccs.oem4 (.text:nmiISR)
                  20010adc    00000060     driverlib.a : prcm.obj (.text:PRCMSysResetCauseGet)
                  20010b3c    0000005c     drivers_cc32xx.a : GPIOCC32XX.oem4 (.text:GPIO_setCallback)
                  20010b98    0000005c     gpiointerrupt.obj (.text:UART_open)
                  20010bf4    0000005c     rtsv7M4_T_le_eabi.lib : s_frexp.c.obj (.text:frexp)
                  20010c50    0000005c     nortos_cc32xx.a : ClockPSysTick_nortos.oem4 (.text:sysTickInit)
                  20010cac    00000058     drivers_cc32xx.a : GPIOCC32XX.oem4 (.text:GPIO_write)
                  20010d04    00000058     driverlib.a : prcm.obj (.text:PRCMPeripheralReset)
                  20010d5c    00000058     drivers_cc32xx.a : PowerCC32XX.oem4 (.text:Power_releaseDependency)
                  20010db4    00000056                      : TimerCC32XX.oem4 (.text:TimerCC32XX_stop)
                  20010e0a    00000056     rtsv7M4_T_le_eabi.lib : _printfi.c.obj (.text:_pconv_f)
                  20010e60    00000054                           : _ltoa.c.obj (.text:__TI_ltoa)
                  20010eb4    00000054     gpiointerrupt.obj (.text:initTimer)
                  20010f08    00000054     drivers_cc32xx.a : UARTCC32XX.oem4 (.text:ringBufGet)
                  20010f5c    00000052                      : PowerCC32XX_asm.oem4 (.text:PowerCC32XX_resumeLPDS)
                  20010fae    00000052     rtsv7M4_T_le_eabi.lib : _printfi.c.obj (.text:_ecpy)
                  20011000    00000052     drivers_cc32xx.a : TimerCC32XX.oem4 (.text:initHw)
                  20011052    00000002     rtsv7M4_T_le_eabi.lib : div0.asm.obj (.text)
                  20011054    00000050     nortos_cc32xx.a : ClockPSysTick_nortos.oem4 (.text:ClockP_sysTickHandler)
                  200110a4    00000050                     : SemaphoreP_nortos.oem4 (.text:SemaphoreP_construct)
                  200110f4    00000050     drivers_cc32xx.a : TimerCC32XX.oem4 (.text:TimerCC32XX_allocateTimerResource)
                  20011144    0000004c                      : GPIOCC32XX.oem4 (.text:GPIO_enableInt)
                  20011190    0000004c                      : I2CCC32XX.oem4 (.text:I2CCC32XX_readRecieveFifo)
                  200111dc    0000004c                      : PowerCC32XX.oem4 (.text:PowerCC32XX_parkPin)
                  20011228    0000004c     rtsv7M4_T_le_eabi.lib : atoi.c.obj (.text:atoi)
                  20011274    0000004c     drivers_cc32xx.a : PowerCC32XX.oem4 (.text:restorePeriphClocks)
                  200112c0    0000004c     rtsv7M4_T_le_eabi.lib : snprintf.c.obj (.text:snprintf)
                  2001130c    00000048     driverlib.a : flash.obj (.text:FlashDisable)
                  20011354    00000048                 : prcm.obj (.text:PRCMLPDSEnter)
                  2001139c    00000048                 : prcm.obj (.text:PRCMPeripheralClkEnable)
                  200113e4    00000048     drivers_cc32xx.a : PowerCC32XX.oem4 (.text:Power_releaseConstraint)
                  2001142c    00000048     gpiointerrupt.obj (.text:TickFct_TempAdjust)
                  20011474    00000048     rtsv7M4_T_le_eabi.lib : fd_toi_t2.asm.obj (.text)
                  200114bc    00000046     drivers_cc32xx.a : RingBuf.oem4 (.text:RingBuf_put)
                  20011502    00000046                      : TimerCC32XX.oem4 (.text:getPrescaler)
                  20011548    00000044     nortos_cc32xx.a : ClockPSysTick_nortos.oem4 (.text:ClockP_stop)
                  2001158c    00000044     driverlib.a : prcm.obj (.text:PRCMLPDSRestoreInfoSet)
                  200115d0    00000044     drivers_cc32xx.a : PowerCC32XX_asm.oem4 (.text:PowerCC32XX_enterLPDS)
                  20011614    00000044     nortos_cc32xx.a : SemaphoreP_nortos.oem4 (.text:SemaphoreP_post)
                  20011658    00000044                     : SwiP_nortos.oem4 (.text:SwiP_restore)
                  2001169c    00000044     drivers_cc32xx.a : Timer.oem4 (.text:Timer_init)
                  200116e0    00000044     rtsv7M4_T_le_eabi.lib : autoinit.c.obj (.text:__TI_auto_init_nobinit_nopinit:__TI_auto_init_nobinit_nopinit)
                  20011724    00000044     gpiointerrupt.obj (.text:initUART)
                  20011768    00000040     nortos_cc32xx.a : ClockPSysTick_nortos.oem4 (.text:ClockP_construct)
                  200117a8    00000040     driverlib.a : pin.obj (.text:PinModeSet)
                  200117e8    00000040     drivers_cc32xx.a : RingBuf.oem4 (.text:RingBuf_get)
                  20011828    00000040                      : Timer.oem4 (.text:Timer_open)
                  20011868    00000040                      : UARTCC32XX.oem4 (.text:UARTCC32XX_read)
                  200118a8    0000003e     rtsv7M4_T_le_eabi.lib : _printfi.c.obj (.text:_fcpy)
                  200118e6    00000002     --HOLE-- [fill = 0]
                  200118e8    0000003c     nortos_cc32xx.a : ClockPSysTick_nortos.oem4 (.text:ClockP_destruct)
                  20011924    0000003c     drivers_cc32xx.a : PowerCC32XX.oem4 (.text:Power_setConstraint)
                  20011960    0000003a                      : TimerCC32XX.oem4 (.text:TimerCC32XX_close)
                  2001199a    0000003a     nortos_cc32xx.a : PowerCC32XX_nortos.oem4 (.text:getCountsRTC)
                  200119d4    00000038     driverlib.a : prcm.obj (.text:PRCMLPDSEnterKeepDebugIf)
                  20011a0c    00000038     drivers_cc32xx.a : TimerCC32XX.oem4 (.text:TimerCC32XX_hwiIntFunction)
                  20011a44    00000038     nortos_cc32xx.a : ClockPSysTick_nortos.oem4 (.text:addToList)
                  20011a7c    00000038                     : startup_cc32xx_ccs.oem4 (.text:initVectors)
                  20011ab4    00000038     drivers_cc32xx.a : PowerCC32XX.oem4 (.text:notify)
                  20011aec    00000038     rtsv7M4_T_le_eabi.lib : fs_toi_t2.asm.obj (.text)
                  20011b24    00000038                           : i_tofs_t2.asm.obj (.text)
                  20011b5c    00000036     driverlib.a : timer.obj (.text:TimerControlStall)
                  20011b92    00000036     drivers_cc32xx.a : UARTCC32XX.oem4 (.text:UARTCC32XX_readCancel)
                  20011bc8    00000034     nortos_cc32xx.a : ClockPSysTick_nortos.oem4 (.text:ClockP_getTicksUntilInterrupt)
                  20011bfc    00000034                     : ClockPSysTick_nortos.oem4 (.text:ClockP_startup)
                  20011c30    00000034     driverlib.a : pin.obj (.text:PinModeGet)
                  20011c64    00000034     drivers_cc32xx.a : PowerCC32XX.oem4 (.text:PowerCC32XX_restoreParkState)
                  20011c98    00000034     gpiointerrupt.obj (.text:TickFct_Button)
                  20011ccc    00000034     drivers_cc32xx.a : TimerCC32XX.oem4 (.text:TimerCC32XX_freeTimerResource)
                  20011d00    00000034                      : TimerCC32XX.oem4 (.text:getPowerMgrId)
                  20011d34    00000030     nortos_cc32xx.a : ClockPSysTick_nortos.oem4 (.text:ClockP_start)
                  20011d64    00000030     drivers_cc32xx.a : PowerCC32XX.oem4 (.text:PowerCC32XX_restoreParkedPin)
                  20011d94    00000030     gpiointerrupt.obj (.text:TickFct_TempCheck)
                  20011dc4    00000030     rtsv7M4_T_le_eabi.lib : snprintf.c.obj (.text:_outs)
                  20011df4    0000002e                           : i_tofd_t2.asm.obj (.text)
                  20011e22    00000002     --HOLE-- [fill = 0]
                  20011e24    0000002c     drivers_cc32xx.a : PowerCC32XX.oem4 (.text:PowerCC32XX_getParkState)
                  20011e50    0000002a     nortos_cc32xx.a : HwiPCC32XX_nortos.oem4 (.text:HwiP_create)
                  20011e7a    0000002a     driverlib.a : timer.obj (.text:TimerLoadSet)
                  20011ea4    0000002a                 : timer.obj (.text:TimerPrescaleSet)
                  20011ece    00000028                 : i2c.obj (.text:I2CFIFODataPutNonBlocking)
                  20011ef6    00000002     --HOLE-- [fill = 0]
                  20011ef8    00000028                 : prcm.obj (.text:PRCMPeripheralClkDisable)
                  20011f20    00000028     drivers_cc32xx.a : PowerCC32XX.oem4 (.text:Power_registerNotify)
                  20011f48    00000028     rtsv7M4_T_le_eabi.lib : memory.c.obj (.text:free_list_insert)
                  20011f70    00000026     driverlib.a : i2c.obj (.text:I2CFIFODataGetNonBlocking)
                  20011f96    00000026     drivers_cc32xx.a : I2C.oem4 (.text:I2C_cancel)
                  20011fbc    00000026                      : List.oem4 (.text:List_put)
                  20011fe2    00000026                      : List.oem4 (.text:List_remove)
                  20012008    00000024     nortos_cc32xx.a : HwiPCC32XX_nortos.oem4 (.text:HwiP_dispatch)
                  2001202c    00000024     drivers_cc32xx.a : PowerCC32XX.oem4 (.text:PowerCC32XX_reset)
                  20012050    00000024     rtsv7M4_T_le_eabi.lib : boot_cortex_m.c.obj (.text:_c_int00_noargs:_c_int00_noargs)
                  20012074    00000022     driverlib.a : i2c.obj (.text:I2CMasterSlaveAddrSet)
                  20012096    00000020     nortos_cc32xx.a : HwiPCC32XX_nortos.oem4 (.text:HwiP_destruct)
                  200120b6    00000002     --HOLE-- [fill = 0]
                  200120b8    00000020     drivers_cc32xx.a : PowerCC32XX.oem4 (.text:Power_unregisterNotify)
                  200120d8    00000020                      : RingBuf.oem4 (.text:RingBuf_peek)
                  200120f8    00000020     gpiointerrupt.obj (.text:TickFct_TempLED)
                  20012118    00000020     drivers_cc32xx.a : UARTCC32XX.oem4 (.text:getPowerMgrId)
                  20012138    0000001e     driverlib.a : i2c.obj (.text:I2CMasterIntStatusEx)
                  20012156    0000001e     nortos_cc32xx.a : SemaphoreP_nortos.oem4 (.text:SemaphoreP_constructBinary)
                  20012174    0000001e     driverlib.a : timer.obj (.text:TimerDisable)
                  20012192    0000001e                 : timer.obj (.text:TimerEnable)
                  200121b0    0000001c                 : pin.obj (.text:PinToPadGet)
                  200121cc    0000001c     nortos_cc32xx.a : SwiP_nortos.oem4 (.text:SwiP_disable)
                  200121e8    0000001c     gpiointerrupt.obj (.text:UART_Params_init)
                  20012204    0000001c     rtsv7M4_T_le_eabi.lib : memory.c.obj (.text:free_list_remove)
                  20012220    0000001c                           : memccpy.c.obj (.text:memccpy)
                  2001223c    0000001a     nortos_cc32xx.a : ClockPSysTick_nortos.oem4 (.text:ClockP_create)
                  20012256    0000001a                     : SemaphoreP_nortos.oem4 (.text:SemaphoreP_createBinary)
                  20012270    0000001a     gpiointerrupt.obj (.text:UART_read)
                  2001228a    0000001a     gpiointerrupt.obj (.text:UART_write)
                  200122a4    0000001a     nortos_cc32xx.a : startup_cc32xx_ccs.oem4 (.text:resetISR)
                  200122be    00000018     driverlib.a : i2c.obj (.text:I2CMasterBusBusy)
                  200122d6    00000018                 : i2c.obj (.text:I2CMasterIntDisableEx)
                  200122ee    00000018                 : i2c.obj (.text:I2CMasterIntEnableEx)
                  20012306    00000018                 : i2c.obj (.text:I2CRxFIFOFlush)
                  2001231e    00000018                 : i2c.obj (.text:I2CTxFIFOFlush)
                  20012336    00000002     --HOLE-- [fill = 0]
                  20012338    00000018     drivers_cc32xx.a : PowerCC32XX.oem4 (.text:Power_getTransitionLatency)
                  20012350    00000018                      : PowerCC32XX.oem4 (.text:Power_idleFunc)
                  20012368    00000018                      : TimerCC32XX.oem4 (.text:TimerCC32XX_getCount)
                  20012380    00000018     driverlib.a : timer.obj (.text:TimerIntDisable)
                  20012398    00000018                 : timer.obj (.text:TimerIntEnable)
                  200123b0    00000018                 : uart.obj (.text:UARTBusy)
                  200123c8    00000018                 : uart.obj (.text:UARTIntEnable)
                  200123e0    00000018     rtsv7M4_T_le_eabi.lib : snprintf.c.obj (.text:_outc)
                  200123f8    00000018     gpiointerrupt.obj (.text:gpioButtonFxn0)
                  20012410    00000018     gpiointerrupt.obj (.text:gpioButtonFxn1)
                  20012428    00000018     rtsv7M4_T_le_eabi.lib : ll_mul_t2.asm.obj (.text)
                  20012440    00000018     gpiointerrupt.obj (.text:timerCallback)
                  20012458    00000016     driverlib.a : i2c.obj (.text:I2CMasterBurstLengthSet)
                  2001246e    00000016                 : prcm.obj (.text:PRCMHIBRegRead)
                  20012484    00000016                 : prcm.obj (.text:PRCMHIBRegWrite)
                  2001249a    00000016     nortos_cc32xx.a : SemaphoreP_nortos.oem4 (.text:SemaphoreP_create)
                  200124b0    00000016     rtsv7M4_T_le_eabi.lib : strchr.c.obj (.text:strchr)
                  200124c6    00000014     driverlib.a : cpu.obj (.text:CPUcpsid)
                  200124da    00000002     --HOLE-- [fill = 0]
                  200124dc    00000014     nortos_cc32xx.a : HwiPCC32XX_nortos.oem4 (.text:HwiP_inISR)
                  200124f0    00000014     drivers_cc32xx.a : I2CCC32XX.oem4 (.text:I2CSupport_masterFinish)
                  20012504    00000014                      : I2C.oem4 (.text:I2C_transfer)
                  20012518    00000014     driverlib.a : interrupt.obj (.text:IntVTableBaseSet)
                  2001252c    00000014     drivers_cc32xx.a : PowerCC32XX.oem4 (.text:Power_disablePolicy)
                  20012540    00000014                      : PowerCC32XX.oem4 (.text:Power_getDependencyCount)
                  20012554    00000014                      : UARTCC32XX.oem4 (.text:releasePowerConstraint)
                  20012568    00000014     rtsv7M4_T_le_eabi.lib : strlen.c.obj (.text:strlen)
                  2001257c    00000012     nortos_cc32xx.a : HwiPCC32XX_nortos.oem4 (.text:HwiP_Params_init)
                  2001258e    00000012     driverlib.a : i2c.obj (.text:I2CMasterIntClearEx)
                  200125a0    00000012     drivers_cc32xx.a : RingBuf.oem4 (.text:RingBuf_construct)
                  200125b2    00000012     driverlib.a : timer.obj (.text:TimerIntClear)
                  200125c4    00000012     main_nortos.obj (.text:main)
                  200125d6    00000012     rtsv7M4_T_le_eabi.lib : wcslen.c.obj (.text:wcslen)
                  200125e8    00000010     ti_drivers_config.obj (.text:Board_init)
                  200125f8    00000010     nortos_cc32xx.a : ClockPSysTick_nortos.oem4 (.text:ClockP_add)
                  20012608    00000010                     : ClockPSysTick_nortos.oem4 (.text:ClockP_delete)
                  20012618    00000010                     : ClockPSysTick_nortos.oem4 (.text:ClockP_getCpuFreq)
                  20012628    00000010                     : ClockPSysTick_nortos.oem4 (.text:ClockP_getSystemTicks)
                  20012638    00000010                     : ClockPSysTick_nortos.oem4 (.text:ClockP_setTicks)
                  20012648    00000010                     : HwiPCC32XX_nortos.oem4 (.text:HwiP_delete)
                  20012658    00000010                     : HwiPCC32XX_nortos.oem4 (.text:HwiP_restore)
                  20012668    00000010     driverlib.a : i2c.obj (.text:I2CFIFOStatus)
                  20012678    00000010     drivers_cc32xx.a : I2C.oem4 (.text:I2C_Params_init)
                  20012688    00000010                      : PowerCC32XX.oem4 (.text:Power_enablePolicy)
                  20012698    00000010     nortos_cc32xx.a : SemaphoreP_nortos.oem4 (.text:SemaphoreP_Params_init)
                  200126a8    00000010     drivers_cc32xx.a : Timer.oem4 (.text:Timer_Params_init)
                  200126b8    00000010                      : UARTCC32XX.oem4 (.text:readBlockingTimeout)
                  200126c8    0000000e     nortos_cc32xx.a : HwiPCC32XX_nortos.oem4 (.text:HwiP_clearInterrupt)
                  200126d6    0000000e                     : HwiPCC32XX_nortos.oem4 (.text:HwiP_disable)
                  200126e4    0000000e                     : HwiPCC32XX_nortos.oem4 (.text:HwiP_disableInterrupt)
                  200126f2    0000000e                     : HwiPCC32XX_nortos.oem4 (.text:HwiP_enable)
                  20012700    0000000e                     : HwiPCC32XX_nortos.oem4 (.text:HwiP_enableInterrupt)
                  2001270e    0000000e     drivers_cc32xx.a : I2CCC32XX.oem4 (.text:I2CCC32XX_updateReg)
                  2001271c    0000000e                      : RingBuf.oem4 (.text:RingBuf_isFull)
                  2001272a    0000000e     rtsv7M4_T_le_eabi.lib : copy_decompress_none.c.obj (.text:decompress:none:__TI_decompress_none)
                  20012738    0000000c     drivers_cc32xx.a : I2CCC32XX.oem4 (.text:I2CCC32XX_postNotify)
                  20012744    0000000c                      : PowerCC32XX.oem4 (.text:Power_getConstraintMask)
                  20012750    0000000c     rtsv7M4_T_le_eabi.lib : s_copysign.c.obj (.text:copysign)
                  2001275c    0000000c                           : copy_zero_init.c.obj (.text:decompress:ZI:__TI_zero_init)
                  20012768    0000000c     drivers_cc32xx.a : TimerCC32XX.oem4 (.text:postNotifyFxn)
                  20012774    0000000c                      : UARTCC32XX.oem4 (.text:postNotifyFxn)
                  20012780    0000000a     nortos_cc32xx.a : ClockPSysTick_nortos.oem4 (.text:ClockP_Params_init)
                  2001278a    0000000a                     : ClockPSysTick_nortos.oem4 (.text:ClockP_isActive)
                  20012794    0000000a     driverlib.a : interrupt.obj (.text:IntMasterDisable)
                  2001279e    0000000a     drivers_cc32xx.a : Timer.oem4 (.text:Timer_start)
                  200127a8    00000008                      : I2CCC32XX.oem4 (.text:I2CCC32XX_blockingCallback)
                  200127b0    00000008     rtsv7M4_T_le_eabi.lib : errno.c.obj (.text:__aeabi_errno_addr)
                  200127b8    00000008                           : memory.c.obj (.text:malloc)
                  200127c0    00000008     drivers_cc32xx.a : UARTCC32XX.oem4 (.text:readSemCallback)
                  200127c8    00000008                      : UARTCC32XX.oem4 (.text:writeSemCallback)
                  200127d0    00000006                      : I2CCC32XX.oem4 (.text:I2CSupport_powerRelConstraint)
                  200127d6    00000006                      : I2CCC32XX.oem4 (.text:I2CSupport_powerSetConstraint)
                  200127dc    00000006                      : TimerCC32XX.oem4 (.text:TimerCC32XX_control)
                  200127e2    00000006     driverlib.a : utils.obj (.text:UtilsDelay)
                  200127e8    00000004     nortos_cc32xx.a : ClockPSysTick_nortos.oem4 (.text:ClockP_setTimeout)
                  200127ec    00000004                     : HwiPCC32XX_nortos.oem4 (.text:HwiP_post)
                  200127f0    00000004                     : SemaphoreP_nortos.oem4 (.text:SemaphoreP_delete)
                  200127f4    00000004     rtsv7M4_T_le_eabi.lib : pre_init.c.obj (.text:_system_pre_init)
                  200127f8    00000004                           : exit.c.obj (.text:abort:abort)

.const     0    20012dbc    0000052e     
                  20012dbc    00000101     rtsv7M4_T_le_eabi.lib : ctype.c.obj (.const:.string:_ctypes_)
                  20012ebd    00000003     --HOLE-- [fill = 0]
                  20012ec0    00000100     driverlib.a : pin.obj (.const:g_ulPinToPadMap)
                  20012fc0    000000a8                 : prcm.obj (.const:PRCM_PeriphRegsList)
                  20013068    00000044     ti_drivers_config.obj (.const:PowerCC32XX_config)
                  200130ac    00000028     drivers_cc32xx.a : UARTCC32XX.oem4 (.const:UARTCC32XX_fxnTable)
                  200130d4    00000024     gpiointerrupt.obj (.const:UART_defaultParams)
                  200130f8    00000024     ti_drivers_config.obj (.const:uartCC32XXHWAttrs0)
                  2001311c    00000021     drivers_cc32xx.a : GPIOCC32XX.oem4 (.const:.string:pinTable)
                  2001313d    00000003     --HOLE-- [fill = 0]
                  20013140    00000020                      : TimerCC32XX.oem4 (.const:TimerCC32XX_fxnTable)
                  20013160    00000020                      : UARTCC32XX.oem4 (.const:staticFxnTable)
                  20013180    00000018     driverlib.a : interrupt.obj (.const:g_pulEnRegs)
                  20013198    00000018                 : interrupt.obj (.const:g_pulPendRegs)
                  200131b0    00000018     gpiointerrupt.obj (.const:sensors)
                  200131c8    00000014     gpiointerrupt.obj (.const:.string:$P$T0$1)
                  200131dc    00000014     ti_drivers_config.obj (.const:GPIOCC32XX_config)
                  200131f0    00000014     drivers_cc32xx.a : GPIOCC32XX.oem4 (.const:gpioBaseAddresses)
                  20013204    00000014     ti_drivers_config.obj (.const:i2cCC32XXHWAttrs)
                  20013218    00000014     drivers_cc32xx.a : UARTCC32XX.oem4 (.const:parityType)
                  2001322c    00000014                      : GPIOCC32XX.oem4 (.const:powerResources)
                  20013240    00000010                      : I2C.oem4 (.const:I2C_defaultParams)
                  20013250    00000010                      : I2CCC32XX.oem4 (.const:I2C_defaultParams)
                  20013260    00000010                      : UARTCC32XX.oem4 (.const:dataLength)
                  20013270    00000010     ti_drivers_config.obj (.const:timerCC32XXHWAttrs)
                  20013280    0000000c     gpiointerrupt.obj (.const:.string)
                  2001328c    0000000c     ti_drivers_config.obj (.const:Timer_config)
                  20013298    0000000c     ti_drivers_config.obj (.const:UART_config)
                  200132a4    0000000c     drivers_cc32xx.a : Timer.oem4 (.const:defaultParams)
                  200132b0    00000009     ti_drivers_config.obj (.const)
                  200132b9    00000003     --HOLE-- [fill = 0]
                  200132bc    00000008     ti_drivers_config.obj (.const:I2C_config)
                  200132c4    00000008     drivers_cc32xx.a : GPIOCC32XX.oem4 (.const:outPinTypes)
                  200132cc    00000008                      : UARTCC32XX.oem4 (.const:stopBits)
                  200132d4    00000006                      : GPIOCC32XX.oem4 (.const:.string:interruptType)
                  200132da    00000006                      : GPIOCC32XX.oem4 (.const:inPinTypes)
                  200132e0    00000006                      : GPIOCC32XX.oem4 (.const:outPinStrengths)
                  200132e6    00000004                      : GPIOCC32XX.oem4 (.const:.string:portInterruptIds)

.cinit     0    200136f8    000000f0     
                  200136f8    000000ca     (.cinit..data.load) [load image, compression = lzss]
                  200137c2    00000002     --HOLE-- [fill = 0]
                  200137c4    0000000c     (__TI_handler_table)
                  200137d0    00000008     (.cinit..bss.load) [load image, compression = zero_init]
                  200137d8    00000010     (__TI_cinit_table)

.init_array 
*          0    20004000    00000000     UNINITIALIZED

.ramVecs   0    20000000    0000030c     NOLOAD SECTION
                  20000000    0000030c     nortos_cc32xx.a : startup_cc32xx_ccs.oem4 (.ramVecs)

.stack     0    20003000    00001000     UNINITIALIZED
                  20003000    00000004     rtsv7M4_T_le_eabi.lib : boot_cortex_m.c.obj (.stack)
                  20003004    00000ffc     --HOLE--

.resetVecs 
*          0    20004000    00000040     
                  20004000    00000040     nortos_cc32xx.a : startup_cc32xx_ccs.oem4 (.resetVecs:retain)

.sysmem    0    20004040    00008000     UNINITIALIZED
                  20004040    00000010     rtsv7M4_T_le_eabi.lib : memory.c.obj (.sysmem)
                  20004050    00007ff0     --HOLE--

.data      0    200127fc    000005c0     UNINITIALIZED
                  200127fc    0000030c     nortos_cc32xx.a : HwiPCC32XX_nortos.oem4 (.data:HwiP_dispatchTable)
                  20012b08    0000016c     drivers_cc32xx.a : PowerCC32XX.oem4 (.data:PowerCC32XX_module)
                  20012c74    000000f8     ti_drivers_config.obj (.data:parkInfo)
                  20012d6c    0000000c     ti_drivers_config.obj (.data:gpioCallbackFunctions)
                  20012d78    0000000c     ti_drivers_config.obj (.data:gpioPinConfigs)
                  20012d84    00000009     drivers_cc32xx.a : GPIOCC32XX.oem4 (.data)
                  20012d8d    00000003     nortos_cc32xx.a : SemaphoreP_nortos.oem4 (.data)
                  20012d90    00000008     rtsv7M4_T_le_eabi.lib : _lock.c.obj (.data:$O1$$)
                  20012d98    00000008                           : memory.c.obj (.data:$O1$$)
                  20012da0    00000008     nortos_cc32xx.a : SemaphoreP_nortos.oem4 (.data:SemaphoreP_defaultParams)
                  20012da8    00000008                     : HwiPCC32XX_nortos.oem4 (.data)
                  20012db0    00000005                     : ClockPSysTick_nortos.oem4 (.data)
                  20012db5    00000002     gpiointerrupt.obj (.data)
                  20012db7    00000001     drivers_cc32xx.a : Timer.oem4 (.data)
                  20012db8    00000004     rtsv7M4_T_le_eabi.lib : errno.c.obj (.data)

.bss       0    200132f0    00000404     UNINITIALIZED
                  200132f0    0000012c     (.common:PowerCC32XX_contextSave)
                  2001341c    000000fc     (.common:i2cCC32XXObjects)
                  20013518    00000084     (.common:uartCC32XXObjects0)
                  2001359c    00000040     (.common:output)
                  200135dc    00000034     (.common:timerCC32XXObjects)
                  20013610    00000030     (.common:tasks)
                  20013640    00000020     drivers_cc32xx.a : GPIOCC32XX.oem4 (.bss:gpioCallbackInfo)
                  20013660    00000020     ti_drivers_config.obj (.bss:uartCC32XXRingBuffer0)
                  20013680    00000020     (.common:i2cTransaction)
                  200136a0    00000014     drivers_cc32xx.a : GPIOCC32XX.oem4 (.bss:powerNotifyObj)
                  200136b4    00000004                      : GPIOCC32XX.oem4 (.bss)
                  200136b8    00000010     (.common:ClockP_ctrl)
                  200136c8    0000000d     nortos_cc32xx.a : SwiP_nortos.oem4 (.bss)
                  200136d5    00000001     (.common:heating)
                  200136d6    00000002     (.common:temperature)
                  200136d8    00000004                     : ClockPSysTick_nortos.oem4 (.bss)
                  200136dc    00000004     drivers_cc32xx.a : TimerCC32XX.oem4 (.bss:timerState)
                  200136e0    00000004     (.common:i2c)
                  200136e4    00000004     (.common:rxBuffer)
                  200136e8    00000004     (.common:timer0)
                  200136ec    00000004     (.common:txBuffer)
                  200136f0    00000004     (.common:uart)

.log_data 
*          0    90000000    00000000     COPY SECTION

__llvm_prf_cnts 
*          0    20004000    00000000     UNINITIALIZED

MODULE SUMMARY

       Module                       code    ro data   rw data
       ------                       ----    -------   -------
    .\
       gpiointerrupt.obj            2220    92        169    
       main_nortos.obj              18      0         0      
    +--+----------------------------+-------+---------+---------+
       Total:                       2238    92        169    
                                                             
    .\syscfg\
       ti_drivers_config.obj        18      201       740    
    +--+----------------------------+-------+---------+---------+
       Total:                       18      201       740    
                                                             
    C:/ti/simplelink_cc32xx_sdk_4_30_00_06/kernel/nortos/lib/ccs/m4/nortos_cc32xx.a
       HwiPCC32XX_nortos.oem4       394     0         788    
       startup_cc32xx_ccs.oem4      90      64        780    
       ClockPSysTick_nortos.oem4    702     0         25     
       PowerCC32XX_nortos.oem4      472     0         0      
       SemaphoreP_nortos.oem4       408     0         11     
       SwiP_nortos.oem4             96      0         13     
    +--+----------------------------+-------+---------+---------+
       Total:                       2162    64        1617   
                                                             
    C:/ti/simplelink_cc32xx_sdk_4_30_00_06/source/ti/devices/cc32xx/driverlib/ccs/Release/driverlib.a
       prcm.obj                     1604    168       0      
       pin.obj                      280     256       0      
       interrupt.obj                334     48        0      
       i2c.obj                      318     0         0      
       timer.obj                    264     0         0      
       flash.obj                    72      0         0      
       uart.obj                     48      0         0      
       cpu.obj                      20      0         0      
       utils.obj                    6       0         0      
    +--+----------------------------+-------+---------+---------+
       Total:                       2946    472       0      
                                                             
    C:/ti/simplelink_cc32xx_sdk_4_30_00_06/source/ti/drivers/lib/ccs/m4/drivers_cc32xx.a
       UARTCC32XX.oem4              3466    116       0      
       PowerCC32XX.oem4             2432    0         664    
       I2CCC32XX.oem4               1452    16        0      
       GPIOCC32XX.oem4              1208    103       65     
       TimerCC32XX.oem4             1132    32        4      
       I2C.oem4                     366     16        0      
       RingBuf.oem4                 198     0         0      
       Timer.oem4                   158     12        1      
       PowerCC32XX_asm.oem4         150     0         0      
       List.oem4                    76      0         0      
    +--+----------------------------+-------+---------+---------+
       Total:                       10638   295       734    
                                                             
    C:\ti\ccs1110\ccs\tools\compiler\ti-cgt-arm_20.2.6.LTS\lib\rtsv7M4_T_le_eabi.lib
       _printfi.c.obj               4835    0         0      
       memory.c.obj                 672     0         8      
       fd_add_t2.asm.obj            438     0         0      
       fd_div_t2.asm.obj            310     0         0      
       fd_cmp_t2.asm.obj            268     0         0      
       ctype.c.obj                  0       257       0      
       fd_mul_t2.asm.obj            252     0         0      
       s_scalbn.c.obj               208     0         0      
       memcpy_t2.asm.obj            156     0         0      
       ull_div_t2.asm.obj           150     0         0      
       snprintf.c.obj               148     0         0      
       fs_mul_t2.asm.obj            122     0         0      
       memset_t2.asm.obj            122     0         0      
       copy_decompress_lzss.c.obj   104     0         0      
       s_frexp.c.obj                92      0         0      
       _ltoa.c.obj                  84      0         0      
       atoi.c.obj                   76      0         0      
       fd_toi_t2.asm.obj            72      0         0      
       autoinit.c.obj               68      0         0      
       fs_toi_t2.asm.obj            56      0         0      
       i_tofs_t2.asm.obj            56      0         0      
       i_tofd_t2.asm.obj            46      0         0      
       boot_cortex_m.c.obj          36      0         0      
       memccpy.c.obj                28      0         0      
       ll_mul_t2.asm.obj            24      0         0      
       strchr.c.obj                 22      0         0      
       strlen.c.obj                 20      0         0      
       wcslen.c.obj                 18      0         0      
       copy_decompress_none.c.obj   14      0         0      
       copy_zero_init.c.obj         12      0         0      
       errno.c.obj                  8       0         4      
       s_copysign.c.obj             12      0         0      
       _lock.c.obj                  2       0         8      
       exit.c.obj                   4       0         0      
       pre_init.c.obj               4       0         0      
       div0.asm.obj                 2       0         0      
    +--+----------------------------+-------+---------+---------+
       Total:                       8541    257       20     
                                                             
       Heap:                        0       0         32768  
       Stack:                       0       0         4096   
       Linker Generated:            0       238       0      
    +--+----------------------------+-------+---------+---------+
       Grand Total:                 26543   1619      40144  


LINKER GENERATED COPY TABLES

__TI_cinit_table @ 200137d8 records: 2, size/record: 8, table size: 16
	.data: load addr=200136f8, load size=000000ca bytes, run addr=200127fc, run size=000005c0 bytes, compression=lzss
	.bss: load addr=200137d0, load size=00000008 bytes, run addr=200132f0, run size=00000404 bytes, compression=zero_init


LINKER GENERATED HANDLER TABLE

__TI_handler_table @ 200137c4 records: 3, size/record: 4, table size: 12
	index: 0, handler: __TI_decompress_lzss
	index: 1, handler: __TI_decompress_none
	index: 2, handler: __TI_zero_init


GLOBAL SYMBOLS: SORTED ALPHABETICALLY BY Name 

address   name                             
-------   ----                             
200125e9  Board_init                       
2000ca8f  Board_initHook                   
200127f9  C$$EXIT                          
200132b0  CONFIG_GPIO_BUTTON_0_CONST       
200132b1  CONFIG_GPIO_BUTTON_1_CONST       
200132b2  CONFIG_GPIO_LED_0_CONST          
200132b3  CONFIG_I2C_0_CONST               
200132b5  CONFIG_TIMER_0_CONST             
200132b7  CONFIG_UART_0_CONST              
200124c7  CPUcpsid                         
20012781  ClockP_Params_init               
200125f9  ClockP_add                       
20011769  ClockP_construct                 
2001223d  ClockP_create                    
200136b8  ClockP_ctrl                      
20012609  ClockP_delete                    
200118e9  ClockP_destruct                  
20011055  ClockP_doTick                    
20012619  ClockP_getCpuFreq                
20012629  ClockP_getSystemTicks            
20011bc9  ClockP_getTicksUntilInterrupt    
2001278b  ClockP_isActive                  
20012639  ClockP_setTicks                  
200127e9  ClockP_setTimeout                
20011d35  ClockP_start                     
20011bfd  ClockP_startup                   
20011549  ClockP_stop                      
20011055  ClockP_sysTickHandler            
20012db0  ClockP_tickPeriod                
2001130d  FlashDisable                     
200131dc  GPIOCC32XX_config                
20011145  GPIO_enableInt                   
20010551  GPIO_hwiIntFxn                   
2000f169  GPIO_init                        
20010b3d  GPIO_setCallback                 
2000d811  GPIO_setConfig                   
20010cad  GPIO_write                       
2001257d  HwiP_Params_init                 
200126c9  HwiP_clearInterrupt              
2000fead  HwiP_construct                   
20011e51  HwiP_create                      
20012649  HwiP_delete                      
20012097  HwiP_destruct                    
200126d7  HwiP_disable                     
200126e5  HwiP_disableInterrupt            
20012009  HwiP_dispatch                    
200126f3  HwiP_enable                      
20012701  HwiP_enableInterrupt             
200124dd  HwiP_inISR                       
20012da8  HwiP_key                         
200127ed  HwiP_post                        
20012659  HwiP_restore                     
20012dac  HwiP_swiPIntNum                  
20011f71  I2CFIFODataGetNonBlocking        
20011ecf  I2CFIFODataPutNonBlocking        
20012669  I2CFIFOStatus                    
20012459  I2CMasterBurstLengthSet          
200122bf  I2CMasterBusBusy                 
2001258f  I2CMasterIntClearEx              
200122d7  I2CMasterIntDisableEx            
200122ef  I2CMasterIntEnableEx             
20012139  I2CMasterIntStatusEx             
20012075  I2CMasterSlaveAddrSet            
20012307  I2CRxFIFOFlush                   
200124f1  I2CSupport_masterFinish          
200127d1  I2CSupport_powerRelConstraint    
200127d7  I2CSupport_powerSetConstraint    
2001080b  I2CSupport_primeTransfer         
2001231f  I2CTxFIFOFlush                   
20012679  I2C_Params_init                  
20011f97  I2C_cancel                       
200132bc  I2C_config                       
200132b4  I2C_count                        
20013240  I2C_defaultParams                
2000dd77  I2C_init                         
2000ebfd  I2C_open                         
20012505  I2C_transfer                     
2000e679  I2C_transferTimeout              
UNDEFED   ITM_flush                        
UNDEFED   ITM_restore                      
2000f881  IntEnable                        
20012795  IntMasterDisable                 
2000ff39  IntPendSet                       
20012519  IntVTableBaseSet                 
20011fbd  List_put                         
20011fe3  List_remove                      
200126f3  NoRTOS_start                     
2000ca91  PRCMCC3200MCUInit                
2001246f  PRCMHIBRegRead                   
20012485  PRCMHIBRegWrite                  
20011355  PRCMLPDSEnter                    
200119d5  PRCMLPDSEnterKeepDebugIf         
2001158d  PRCMLPDSRestoreInfoSet           
20011ef9  PRCMPeripheralClkDisable         
2001139d  PRCMPeripheralClkEnable          
20010d05  PRCMPeripheralReset              
20010add  PRCMSysResetCauseGet             
2000ffc1  PinConfigSet                     
20011c31  PinModeGet                       
200117a9  PinModeSet                       
200121b1  PinToPadGet                      
20013068  PowerCC32XX_config               
2000f929  PowerCC32XX_configureWakeup      
200132f0  PowerCC32XX_contextSave          
200115d1  PowerCC32XX_enterLPDS            
20011e25  PowerCC32XX_getParkState         
2000e54f  PowerCC32XX_initPolicy           
20012b08  PowerCC32XX_module               
200111dd  PowerCC32XX_parkPin              
2001202d  PowerCC32XX_reset                
20011c65  PowerCC32XX_restoreParkState     
20011d65  PowerCC32XX_restoreParkedPin     
20010f5d  PowerCC32XX_resumeLPDS           
20010a15  PowerCC32XX_setParkState         
2000dd79  PowerCC32XX_sleepPolicy          
2001252d  Power_disablePolicy              
20012689  Power_enablePolicy               
20012745  Power_getConstraintMask          
20012541  Power_getDependencyCount         
20012339  Power_getTransitionLatency       
20012351  Power_idleFunc                   
200101dd  Power_init                       
20011f21  Power_registerNotify             
200113e5  Power_releaseConstraint          
20010d5d  Power_releaseDependency          
20011925  Power_setConstraint              
200102e5  Power_setDependency              
2000e2e1  Power_sleep                      
200120b9  Power_unregisterNotify           
200125a1  RingBuf_construct                
200117e9  RingBuf_get                      
2001271d  RingBuf_isFull                   
200120d9  RingBuf_peek                     
200114bd  RingBuf_put                      
20012699  SemaphoreP_Params_init           
200110a5  SemaphoreP_construct             
20012157  SemaphoreP_constructBinary       
2001249b  SemaphoreP_create                
20012257  SemaphoreP_createBinary          
20012da0  SemaphoreP_defaultParams         
200127f1  SemaphoreP_delete                
2000fb15  SemaphoreP_pend                  
20011615  SemaphoreP_post                  
200121cd  SwiP_disable                     
20011659  SwiP_restore                     
20011c99  TickFct_Button                   
2001142d  TickFct_TempAdjust               
20011d95  TickFct_TempCheck                
200120f9  TickFct_TempLED                  
200110f5  TimerCC32XX_allocateTimerResource
20011961  TimerCC32XX_close                
200127dd  TimerCC32XX_control              
20011ccd  TimerCC32XX_freeTimerResource    
20013140  TimerCC32XX_fxnTable             
20012369  TimerCC32XX_getCount             
2000e79b  TimerCC32XX_init                 
2000e551  TimerCC32XX_open                 
20010049  TimerCC32XX_setPeriod            
200105c9  TimerCC32XX_start                
20010db5  TimerCC32XX_stop                 
20011b5d  TimerControlStall                
20012175  TimerDisable                     
20012193  TimerEnable                      
20012db6  TimerFlag                        
200125b3  TimerIntClear                    
20012381  TimerIntDisable                  
20012399  TimerIntEnable                   
20011e7b  TimerLoadSet                     
20011ea5  TimerPrescaleSet                 
200126a9  Timer_Params_init                
2001328c  Timer_config                     
200132b6  Timer_count                      
2001169d  Timer_init                       
20011829  Timer_open                       
2001279f  Timer_start                      
200123b1  UARTBusy                         
2000e79d  UARTCC32XX_close                 
2000edf5  UARTCC32XX_control               
200130ac  UARTCC32XX_fxnTable              
2000eee7  UARTCC32XX_init                  
2000cebd  UARTCC32XX_open                  
20011869  UARTCC32XX_read                  
20011b93  UARTCC32XX_readCancel            
2000f2ed  UARTCC32XX_readPolling           
2000f09d  UARTCC32XX_write                 
200109ad  UARTCC32XX_writeCancel           
20010a79  UARTCC32XX_writePolling          
200123c9  UARTIntEnable                    
200121e9  UART_Params_init                 
20013298  UART_config                      
200132b8  UART_count                       
200130d4  UART_defaultParams               
20010875  UART_init                        
20010b99  UART_open                        
20012271  UART_read                        
2001228b  UART_write                       
200127e3  UtilsDelay                       
20004000  __STACK_END                      
00001000  __STACK_SIZE                     
00008000  __SYSMEM_SIZE                    
200137d8  __TI_CINIT_Base                  
200137e8  __TI_CINIT_Limit                 
200137c4  __TI_Handler_Table_Base          
200137d0  __TI_Handler_Table_Limit         
200116e1  __TI_auto_init_nobinit_nopinit   
200108dd  __TI_decompress_lzss             
2001272b  __TI_decompress_none             
20010e61  __TI_ltoa                        
ffffffff  __TI_pprof_out_hndl              
2000c041  __TI_printfi                     
ffffffff  __TI_prof_data_size              
ffffffff  __TI_prof_data_start             
200136f8  __TI_static_base__               
2001275d  __TI_zero_init                   
200100d1  __aeabi_cdcmpeq                  
200100d1  __aeabi_cdcmple                  
20010157  __aeabi_cdrcmple                 
20011475  __aeabi_d2iz                     
2000dbcb  __aeabi_dadd                     
2000e419  __aeabi_ddiv                     
2000ecf9  __aeabi_dmul                     
2000dbc1  __aeabi_dsub                     
200127b1  __aeabi_errno_addr               
20011aed  __aeabi_f2iz                     
2001045b  __aeabi_fmul                     
20011df5  __aeabi_i2d                      
20011b25  __aeabi_i2f                      
20011053  __aeabi_idiv0                    
20011053  __aeabi_ldiv0                    
20012429  __aeabi_lmul                     
200104d5  __aeabi_memclr                   
200104d5  __aeabi_memclr4                  
200104d5  __aeabi_memclr8                  
2000fc51  __aeabi_memcpy                   
2000fc51  __aeabi_memcpy4                  
2000fc51  __aeabi_memcpy8                  
200104d7  __aeabi_memset                   
200104d7  __aeabi_memset4                  
200104d7  __aeabi_memset8                  
2000fd85  __aeabi_uldivmod                 
ffffffff  __binit__                        
ffffffff  __c_args__                       
UNDEFED   __mpu_init                       
20003000  __stack                          
20004000  __start___llvm_prf_cnts          
20004000  __stop___llvm_prf_cnts           
20012051  _c_int00_noargs                  
20012dbc  _ctypes_                         
20012d90  _lock                            
2000f167  _nop                             
20004040  _sys_memory                      
UNDEFED   _system_post_cinit               
200127f5  _system_pre_init                 
20012d94  _unlock                          
200127f9  abort                            
2000eafd  aligned_alloc                    
20011229  atoi                             
ffffffff  binit                            
2000fe1b  clkFxn                           
20012751  copysign                         
20012751  copysignl                        
20012db8  errno                            
2000eee9  free                             
20010bf5  frexp                            
20010bf5  frexpl                           
200123f9  gpioButtonFxn0                   
20012411  gpioButtonFxn1                   
20012d6c  gpioCallbackFunctions            
20012d78  gpioPinConfigs                   
200136d5  heating                          
200136e0  i2c                              
20013204  i2cCC32XXHWAttrs                 
2001341c  i2cCC32XXObjects                 
20013680  i2cTransaction                   
200132da  inPinTypes                       
2000d3ad  initI2C                          
20010eb5  initTimer                        
20011725  initUART                         
20011a7d  initVectors                      
2000efcd  ldexp                            
2000efcd  ldexpl                           
200125c5  main                             
2000d5fd  mainThread                       
200127b9  malloc                           
2000eafd  memalign                         
20012221  memccpy                          
2000fc51  memcpy                           
200104dd  memset                           
200132e0  outPinStrengths                  
200132c4  outPinTypes                      
2001359c  output                           
20012c74  parkInfo                         
20010945  printOutput                      
2000e9dd  readTemp                         
200122a5  resetISR                         
200122b8  resetVectorAddr                  
20004000  resetVectors                     
200136e4  rxBuffer                         
2000efcd  scalbn                           
2000efcd  scalbnl                          
200112c1  snprintf                         
200124b1  strchr                           
20012569  strlen                           
20013610  tasks                            
200136d6  temperature                      
200136e8  timer0                           
20013270  timerCC32XXHWAttrs               
200135dc  timerCC32XXObjects               
20012441  timerCallback                    
200136ec  txBuffer                         
200136f0  uart                             
20013518  uartCC32XXObjects0               
200125d7  wcslen                           


GLOBAL SYMBOLS: SORTED BY Symbol Address 

address   name                             
-------   ----                             
00001000  __STACK_SIZE                     
00008000  __SYSMEM_SIZE                    
20003000  __stack                          
20004000  __STACK_END                      
20004000  __start___llvm_prf_cnts          
20004000  __stop___llvm_prf_cnts           
20004000  resetVectors                     
20004040  _sys_memory                      
2000c041  __TI_printfi                     
2000ca8f  Board_initHook                   
2000ca91  PRCMCC3200MCUInit                
2000cebd  UARTCC32XX_open                  
2000d3ad  initI2C                          
2000d5fd  mainThread                       
2000d811  GPIO_setConfig                   
2000dbc1  __aeabi_dsub                     
2000dbcb  __aeabi_dadd                     
2000dd77  I2C_init                         
2000dd79  PowerCC32XX_sleepPolicy          
2000e2e1  Power_sleep                      
2000e419  __aeabi_ddiv                     
2000e54f  PowerCC32XX_initPolicy           
2000e551  TimerCC32XX_open                 
2000e679  I2C_transferTimeout              
2000e79b  TimerCC32XX_init                 
2000e79d  UARTCC32XX_close                 
2000e9dd  readTemp                         
2000eafd  aligned_alloc                    
2000eafd  memalign                         
2000ebfd  I2C_open                         
2000ecf9  __aeabi_dmul                     
2000edf5  UARTCC32XX_control               
2000eee7  UARTCC32XX_init                  
2000eee9  free                             
2000efcd  ldexp                            
2000efcd  ldexpl                           
2000efcd  scalbn                           
2000efcd  scalbnl                          
2000f09d  UARTCC32XX_write                 
2000f167  _nop                             
2000f169  GPIO_init                        
2000f2ed  UARTCC32XX_readPolling           
2000f881  IntEnable                        
2000f929  PowerCC32XX_configureWakeup      
2000fb15  SemaphoreP_pend                  
2000fc51  __aeabi_memcpy                   
2000fc51  __aeabi_memcpy4                  
2000fc51  __aeabi_memcpy8                  
2000fc51  memcpy                           
2000fd85  __aeabi_uldivmod                 
2000fe1b  clkFxn                           
2000fead  HwiP_construct                   
2000ff39  IntPendSet                       
2000ffc1  PinConfigSet                     
20010049  TimerCC32XX_setPeriod            
200100d1  __aeabi_cdcmpeq                  
200100d1  __aeabi_cdcmple                  
20010157  __aeabi_cdrcmple                 
200101dd  Power_init                       
200102e5  Power_setDependency              
2001045b  __aeabi_fmul                     
200104d5  __aeabi_memclr                   
200104d5  __aeabi_memclr4                  
200104d5  __aeabi_memclr8                  
200104d7  __aeabi_memset                   
200104d7  __aeabi_memset4                  
200104d7  __aeabi_memset8                  
200104dd  memset                           
20010551  GPIO_hwiIntFxn                   
200105c9  TimerCC32XX_start                
2001080b  I2CSupport_primeTransfer         
20010875  UART_init                        
200108dd  __TI_decompress_lzss             
20010945  printOutput                      
200109ad  UARTCC32XX_writeCancel           
20010a15  PowerCC32XX_setParkState         
20010a79  UARTCC32XX_writePolling          
20010add  PRCMSysResetCauseGet             
20010b3d  GPIO_setCallback                 
20010b99  UART_open                        
20010bf5  frexp                            
20010bf5  frexpl                           
20010cad  GPIO_write                       
20010d05  PRCMPeripheralReset              
20010d5d  Power_releaseDependency          
20010db5  TimerCC32XX_stop                 
20010e61  __TI_ltoa                        
20010eb5  initTimer                        
20010f5d  PowerCC32XX_resumeLPDS           
20011053  __aeabi_idiv0                    
20011053  __aeabi_ldiv0                    
20011055  ClockP_doTick                    
20011055  ClockP_sysTickHandler            
200110a5  SemaphoreP_construct             
200110f5  TimerCC32XX_allocateTimerResource
20011145  GPIO_enableInt                   
200111dd  PowerCC32XX_parkPin              
20011229  atoi                             
200112c1  snprintf                         
2001130d  FlashDisable                     
20011355  PRCMLPDSEnter                    
2001139d  PRCMPeripheralClkEnable          
200113e5  Power_releaseConstraint          
2001142d  TickFct_TempAdjust               
20011475  __aeabi_d2iz                     
200114bd  RingBuf_put                      
20011549  ClockP_stop                      
2001158d  PRCMLPDSRestoreInfoSet           
200115d1  PowerCC32XX_enterLPDS            
20011615  SemaphoreP_post                  
20011659  SwiP_restore                     
2001169d  Timer_init                       
200116e1  __TI_auto_init_nobinit_nopinit   
20011725  initUART                         
20011769  ClockP_construct                 
200117a9  PinModeSet                       
200117e9  RingBuf_get                      
20011829  Timer_open                       
20011869  UARTCC32XX_read                  
200118e9  ClockP_destruct                  
20011925  Power_setConstraint              
20011961  TimerCC32XX_close                
200119d5  PRCMLPDSEnterKeepDebugIf         
20011a7d  initVectors                      
20011aed  __aeabi_f2iz                     
20011b25  __aeabi_i2f                      
20011b5d  TimerControlStall                
20011b93  UARTCC32XX_readCancel            
20011bc9  ClockP_getTicksUntilInterrupt    
20011bfd  ClockP_startup                   
20011c31  PinModeGet                       
20011c65  PowerCC32XX_restoreParkState     
20011c99  TickFct_Button                   
20011ccd  TimerCC32XX_freeTimerResource    
20011d35  ClockP_start                     
20011d65  PowerCC32XX_restoreParkedPin     
20011d95  TickFct_TempCheck                
20011df5  __aeabi_i2d                      
20011e25  PowerCC32XX_getParkState         
20011e51  HwiP_create                      
20011e7b  TimerLoadSet                     
20011ea5  TimerPrescaleSet                 
20011ecf  I2CFIFODataPutNonBlocking        
20011ef9  PRCMPeripheralClkDisable         
20011f21  Power_registerNotify             
20011f71  I2CFIFODataGetNonBlocking        
20011f97  I2C_cancel                       
20011fbd  List_put                         
20011fe3  List_remove                      
20012009  HwiP_dispatch                    
2001202d  PowerCC32XX_reset                
20012051  _c_int00_noargs                  
20012075  I2CMasterSlaveAddrSet            
20012097  HwiP_destruct                    
200120b9  Power_unregisterNotify           
200120d9  RingBuf_peek                     
200120f9  TickFct_TempLED                  
20012139  I2CMasterIntStatusEx             
20012157  SemaphoreP_constructBinary       
20012175  TimerDisable                     
20012193  TimerEnable                      
200121b1  PinToPadGet                      
200121cd  SwiP_disable                     
200121e9  UART_Params_init                 
20012221  memccpy                          
2001223d  ClockP_create                    
20012257  SemaphoreP_createBinary          
20012271  UART_read                        
2001228b  UART_write                       
200122a5  resetISR                         
200122b8  resetVectorAddr                  
200122bf  I2CMasterBusBusy                 
200122d7  I2CMasterIntDisableEx            
200122ef  I2CMasterIntEnableEx             
20012307  I2CRxFIFOFlush                   
2001231f  I2CTxFIFOFlush                   
20012339  Power_getTransitionLatency       
20012351  Power_idleFunc                   
20012369  TimerCC32XX_getCount             
20012381  TimerIntDisable                  
20012399  TimerIntEnable                   
200123b1  UARTBusy                         
200123c9  UARTIntEnable                    
200123f9  gpioButtonFxn0                   
20012411  gpioButtonFxn1                   
20012429  __aeabi_lmul                     
20012441  timerCallback                    
20012459  I2CMasterBurstLengthSet          
2001246f  PRCMHIBRegRead                   
20012485  PRCMHIBRegWrite                  
2001249b  SemaphoreP_create                
200124b1  strchr                           
200124c7  CPUcpsid                         
200124dd  HwiP_inISR                       
200124f1  I2CSupport_masterFinish          
20012505  I2C_transfer                     
20012519  IntVTableBaseSet                 
2001252d  Power_disablePolicy              
20012541  Power_getDependencyCount         
20012569  strlen                           
2001257d  HwiP_Params_init                 
2001258f  I2CMasterIntClearEx              
200125a1  RingBuf_construct                
200125b3  TimerIntClear                    
200125c5  main                             
200125d7  wcslen                           
200125e9  Board_init                       
200125f9  ClockP_add                       
20012609  ClockP_delete                    
20012619  ClockP_getCpuFreq                
20012629  ClockP_getSystemTicks            
20012639  ClockP_setTicks                  
20012649  HwiP_delete                      
20012659  HwiP_restore                     
20012669  I2CFIFOStatus                    
20012679  I2C_Params_init                  
20012689  Power_enablePolicy               
20012699  SemaphoreP_Params_init           
200126a9  Timer_Params_init                
200126c9  HwiP_clearInterrupt              
200126d7  HwiP_disable                     
200126e5  HwiP_disableInterrupt            
200126f3  HwiP_enable                      
200126f3  NoRTOS_start                     
20012701  HwiP_enableInterrupt             
2001271d  RingBuf_isFull                   
2001272b  __TI_decompress_none             
20012745  Power_getConstraintMask          
20012751  copysign                         
20012751  copysignl                        
2001275d  __TI_zero_init                   
20012781  ClockP_Params_init               
2001278b  ClockP_isActive                  
20012795  IntMasterDisable                 
2001279f  Timer_start                      
200127b1  __aeabi_errno_addr               
200127b9  malloc                           
200127d1  I2CSupport_powerRelConstraint    
200127d7  I2CSupport_powerSetConstraint    
200127dd  TimerCC32XX_control              
200127e3  UtilsDelay                       
200127e9  ClockP_setTimeout                
200127ed  HwiP_post                        
200127f1  SemaphoreP_delete                
200127f5  _system_pre_init                 
200127f9  C$$EXIT                          
200127f9  abort                            
20012b08  PowerCC32XX_module               
20012c74  parkInfo                         
20012d6c  gpioCallbackFunctions            
20012d78  gpioPinConfigs                   
20012d90  _lock                            
20012d94  _unlock                          
20012da0  SemaphoreP_defaultParams         
20012da8  HwiP_key                         
20012dac  HwiP_swiPIntNum                  
20012db0  ClockP_tickPeriod                
20012db6  TimerFlag                        
20012db8  errno                            
20012dbc  _ctypes_                         
20013068  PowerCC32XX_config               
200130ac  UARTCC32XX_fxnTable              
200130d4  UART_defaultParams               
20013140  TimerCC32XX_fxnTable             
200131dc  GPIOCC32XX_config                
20013204  i2cCC32XXHWAttrs                 
20013240  I2C_defaultParams                
20013270  timerCC32XXHWAttrs               
2001328c  Timer_config                     
20013298  UART_config                      
200132b0  CONFIG_GPIO_BUTTON_0_CONST       
200132b1  CONFIG_GPIO_BUTTON_1_CONST       
200132b2  CONFIG_GPIO_LED_0_CONST          
200132b3  CONFIG_I2C_0_CONST               
200132b4  I2C_count                        
200132b5  CONFIG_TIMER_0_CONST             
200132b6  Timer_count                      
200132b7  CONFIG_UART_0_CONST              
200132b8  UART_count                       
200132bc  I2C_config                       
200132c4  outPinTypes                      
200132da  inPinTypes                       
200132e0  outPinStrengths                  
200132f0  PowerCC32XX_contextSave          
2001341c  i2cCC32XXObjects                 
20013518  uartCC32XXObjects0               
2001359c  output                           
200135dc  timerCC32XXObjects               
20013610  tasks                            
20013680  i2cTransaction                   
200136b8  ClockP_ctrl                      
200136d5  heating                          
200136d6  temperature                      
200136e0  i2c                              
200136e4  rxBuffer                         
200136e8  timer0                           
200136ec  txBuffer                         
200136f0  uart                             
200136f8  __TI_static_base__               
200137c4  __TI_Handler_Table_Base          
200137d0  __TI_Handler_Table_Limit         
200137d8  __TI_CINIT_Base                  
200137e8  __TI_CINIT_Limit                 
ffffffff  __TI_pprof_out_hndl              
ffffffff  __TI_prof_data_size              
ffffffff  __TI_prof_data_start             
ffffffff  __binit__                        
ffffffff  __c_args__                       
ffffffff  binit                            
UNDEFED   ITM_flush                        
UNDEFED   ITM_restore                      
UNDEFED   __mpu_init                       
UNDEFED   _system_post_cinit               

[313 symbols]
