<?xml version="1.0" encoding="ISO-8859-1" ?>
<link_info>
   <banner>TI ARM Linker PC v20.2.6.LTS</banner>
   <copyright>Copyright (c) 1996-2018 Texas Instruments Incorporated</copyright>
   <link_time>0x625c4ca4</link_time>
   <link_errors>0x0</link_errors>
   <output_file>gpiointerrupt_CC3220S_LAUNCHXL_nortos_ccs.out</output_file>
   <entry_point>
      <name>resetISR</name>
      <address>0x200122a5</address>
   </entry_point>
   <input_file_list>
      <input_file id="fl-2">
         <path>.\</path>
         <kind>object</kind>
         <file>gpiointerrupt.obj</file>
         <name>gpiointerrupt.obj</name>
      </input_file>
      <input_file id="fl-3">
         <path>.\syscfg\</path>
         <kind>object</kind>
         <file>ti_drivers_config.obj</file>
         <name>ti_drivers_config.obj</name>
      </input_file>
      <input_file id="fl-4">
         <path>.\</path>
         <kind>object</kind>
         <file>main_nortos.obj</file>
         <name>main_nortos.obj</name>
      </input_file>
      <input_file id="fl-d">
         <kind>object</kind>
         <file>&lt;internal&gt;</file>
         <name>&lt;internal&gt;</name>
      </input_file>
      <input_file id="fl-e">
         <path>C:\ti\simplelink_cc32xx_sdk_4_30_00_06\source\ti\drivers\lib\ccs\m4\</path>
         <kind>archive</kind>
         <file>drivers_cc32xx.a</file>
         <name>I2C.oem4</name>
      </input_file>
      <input_file id="fl-f">
         <path>C:\ti\simplelink_cc32xx_sdk_4_30_00_06\source\ti\drivers\lib\ccs\m4\</path>
         <kind>archive</kind>
         <file>drivers_cc32xx.a</file>
         <name>Timer.oem4</name>
      </input_file>
      <input_file id="fl-10">
         <path>C:\ti\simplelink_cc32xx_sdk_4_30_00_06\source\ti\drivers\lib\ccs\m4\</path>
         <kind>archive</kind>
         <file>drivers_cc32xx.a</file>
         <name>GPIOCC32XX.oem4</name>
      </input_file>
      <input_file id="fl-11">
         <path>C:\ti\simplelink_cc32xx_sdk_4_30_00_06\source\ti\drivers\lib\ccs\m4\</path>
         <kind>archive</kind>
         <file>drivers_cc32xx.a</file>
         <name>I2CCC32XX.oem4</name>
      </input_file>
      <input_file id="fl-12">
         <path>C:\ti\simplelink_cc32xx_sdk_4_30_00_06\source\ti\drivers\lib\ccs\m4\</path>
         <kind>archive</kind>
         <file>drivers_cc32xx.a</file>
         <name>PowerCC32XX.oem4</name>
      </input_file>
      <input_file id="fl-13">
         <path>C:\ti\simplelink_cc32xx_sdk_4_30_00_06\source\ti\drivers\lib\ccs\m4\</path>
         <kind>archive</kind>
         <file>drivers_cc32xx.a</file>
         <name>PowerCC32XX_asm.oem4</name>
      </input_file>
      <input_file id="fl-14">
         <path>C:\ti\simplelink_cc32xx_sdk_4_30_00_06\source\ti\drivers\lib\ccs\m4\</path>
         <kind>archive</kind>
         <file>drivers_cc32xx.a</file>
         <name>TimerCC32XX.oem4</name>
      </input_file>
      <input_file id="fl-15">
         <path>C:\ti\simplelink_cc32xx_sdk_4_30_00_06\source\ti\drivers\lib\ccs\m4\</path>
         <kind>archive</kind>
         <file>drivers_cc32xx.a</file>
         <name>UARTCC32XX.oem4</name>
      </input_file>
      <input_file id="fl-16">
         <path>C:\ti\simplelink_cc32xx_sdk_4_30_00_06\source\ti\drivers\lib\ccs\m4\</path>
         <kind>archive</kind>
         <file>drivers_cc32xx.a</file>
         <name>List.oem4</name>
      </input_file>
      <input_file id="fl-17">
         <path>C:\ti\simplelink_cc32xx_sdk_4_30_00_06\source\ti\drivers\lib\ccs\m4\</path>
         <kind>archive</kind>
         <file>drivers_cc32xx.a</file>
         <name>RingBuf.oem4</name>
      </input_file>
      <input_file id="fl-18">
         <path>C:\ti\simplelink_cc32xx_sdk_4_30_00_06\kernel\nortos\lib\ccs\m4\</path>
         <kind>archive</kind>
         <file>nortos_cc32xx.a</file>
         <name>NoRTOS.oem4</name>
      </input_file>
      <input_file id="fl-19">
         <path>C:\ti\simplelink_cc32xx_sdk_4_30_00_06\kernel\nortos\lib\ccs\m4\</path>
         <kind>archive</kind>
         <file>nortos_cc32xx.a</file>
         <name>SemaphoreP_nortos.oem4</name>
      </input_file>
      <input_file id="fl-1a">
         <path>C:\ti\simplelink_cc32xx_sdk_4_30_00_06\kernel\nortos\lib\ccs\m4\</path>
         <kind>archive</kind>
         <file>nortos_cc32xx.a</file>
         <name>ClockPSysTick_nortos.oem4</name>
      </input_file>
      <input_file id="fl-1b">
         <path>C:\ti\simplelink_cc32xx_sdk_4_30_00_06\kernel\nortos\lib\ccs\m4\</path>
         <kind>archive</kind>
         <file>nortos_cc32xx.a</file>
         <name>HwiPCC32XX_nortos.oem4</name>
      </input_file>
      <input_file id="fl-1c">
         <path>C:\ti\simplelink_cc32xx_sdk_4_30_00_06\kernel\nortos\lib\ccs\m4\</path>
         <kind>archive</kind>
         <file>nortos_cc32xx.a</file>
         <name>PowerCC32XX_nortos.oem4</name>
      </input_file>
      <input_file id="fl-1d">
         <path>C:\ti\simplelink_cc32xx_sdk_4_30_00_06\kernel\nortos\lib\ccs\m4\</path>
         <kind>archive</kind>
         <file>nortos_cc32xx.a</file>
         <name>startup_cc32xx_ccs.oem4</name>
      </input_file>
      <input_file id="fl-1e">
         <path>C:\ti\simplelink_cc32xx_sdk_4_30_00_06\kernel\nortos\lib\ccs\m4\</path>
         <kind>archive</kind>
         <file>nortos_cc32xx.a</file>
         <name>SwiP_nortos.oem4</name>
      </input_file>
      <input_file id="fl-1f">
         <path>C:\ti\simplelink_cc32xx_sdk_4_30_00_06\kernel\nortos\lib\ccs\m4\</path>
         <kind>archive</kind>
         <file>nortos_cc32xx.a</file>
         <name>QueueP_nortos.oem4</name>
      </input_file>
      <input_file id="fl-20">
         <path>C:\ti\simplelink_cc32xx_sdk_4_30_00_06\source\ti\devices\cc32xx\driverlib\ccs\Release\</path>
         <kind>archive</kind>
         <file>driverlib.a</file>
         <name>cpu.obj</name>
      </input_file>
      <input_file id="fl-21">
         <path>C:\ti\simplelink_cc32xx_sdk_4_30_00_06\source\ti\devices\cc32xx\driverlib\ccs\Release\</path>
         <kind>archive</kind>
         <file>driverlib.a</file>
         <name>i2c.obj</name>
      </input_file>
      <input_file id="fl-22">
         <path>C:\ti\simplelink_cc32xx_sdk_4_30_00_06\source\ti\devices\cc32xx\driverlib\ccs\Release\</path>
         <kind>archive</kind>
         <file>driverlib.a</file>
         <name>interrupt.obj</name>
      </input_file>
      <input_file id="fl-23">
         <path>C:\ti\simplelink_cc32xx_sdk_4_30_00_06\source\ti\devices\cc32xx\driverlib\ccs\Release\</path>
         <kind>archive</kind>
         <file>driverlib.a</file>
         <name>pin.obj</name>
      </input_file>
      <input_file id="fl-24">
         <path>C:\ti\simplelink_cc32xx_sdk_4_30_00_06\source\ti\devices\cc32xx\driverlib\ccs\Release\</path>
         <kind>archive</kind>
         <file>driverlib.a</file>
         <name>prcm.obj</name>
      </input_file>
      <input_file id="fl-25">
         <path>C:\ti\simplelink_cc32xx_sdk_4_30_00_06\source\ti\devices\cc32xx\driverlib\ccs\Release\</path>
         <kind>archive</kind>
         <file>driverlib.a</file>
         <name>timer.obj</name>
      </input_file>
      <input_file id="fl-26">
         <path>C:\ti\simplelink_cc32xx_sdk_4_30_00_06\source\ti\devices\cc32xx\driverlib\ccs\Release\</path>
         <kind>archive</kind>
         <file>driverlib.a</file>
         <name>uart.obj</name>
      </input_file>
      <input_file id="fl-27">
         <path>C:\ti\simplelink_cc32xx_sdk_4_30_00_06\source\ti\devices\cc32xx\driverlib\ccs\Release\</path>
         <kind>archive</kind>
         <file>driverlib.a</file>
         <name>utils.obj</name>
      </input_file>
      <input_file id="fl-28">
         <path>C:\ti\simplelink_cc32xx_sdk_4_30_00_06\source\ti\devices\cc32xx\driverlib\ccs\Release\</path>
         <kind>archive</kind>
         <file>driverlib.a</file>
         <name>flash.obj</name>
      </input_file>
      <input_file id="fl-de">
         <path>C:\ti\ccs1110\ccs\tools\compiler\ti-cgt-arm_20.2.6.LTS\lib\</path>
         <kind>archive</kind>
         <file>rtsv7M4_T_le_eabi.lib</file>
         <name>snprintf.c.obj</name>
      </input_file>
      <input_file id="fl-df">
         <path>C:\ti\ccs1110\ccs\tools\compiler\ti-cgt-arm_20.2.6.LTS\lib\</path>
         <kind>archive</kind>
         <file>rtsv7M4_T_le_eabi.lib</file>
         <name>fs_mul_t2.asm.obj</name>
      </input_file>
      <input_file id="fl-e0">
         <path>C:\ti\ccs1110\ccs\tools\compiler\ti-cgt-arm_20.2.6.LTS\lib\</path>
         <kind>archive</kind>
         <file>rtsv7M4_T_le_eabi.lib</file>
         <name>fs_toi_t2.asm.obj</name>
      </input_file>
      <input_file id="fl-e1">
         <path>C:\ti\ccs1110\ccs\tools\compiler\ti-cgt-arm_20.2.6.LTS\lib\</path>
         <kind>archive</kind>
         <file>rtsv7M4_T_le_eabi.lib</file>
         <name>i_tofs_t2.asm.obj</name>
      </input_file>
      <input_file id="fl-e2">
         <path>C:\ti\ccs1110\ccs\tools\compiler\ti-cgt-arm_20.2.6.LTS\lib\</path>
         <kind>archive</kind>
         <file>rtsv7M4_T_le_eabi.lib</file>
         <name>ll_mul_t2.asm.obj</name>
      </input_file>
      <input_file id="fl-e3">
         <path>C:\ti\ccs1110\ccs\tools\compiler\ti-cgt-arm_20.2.6.LTS\lib\</path>
         <kind>archive</kind>
         <file>rtsv7M4_T_le_eabi.lib</file>
         <name>memcpy_t2.asm.obj</name>
      </input_file>
      <input_file id="fl-e4">
         <path>C:\ti\ccs1110\ccs\tools\compiler\ti-cgt-arm_20.2.6.LTS\lib\</path>
         <kind>archive</kind>
         <file>rtsv7M4_T_le_eabi.lib</file>
         <name>ull_div_t2.asm.obj</name>
      </input_file>
      <input_file id="fl-e5">
         <path>C:\ti\ccs1110\ccs\tools\compiler\ti-cgt-arm_20.2.6.LTS\lib\</path>
         <kind>archive</kind>
         <file>rtsv7M4_T_le_eabi.lib</file>
         <name>copy_zero_init.c.obj</name>
      </input_file>
      <input_file id="fl-e6">
         <path>C:\ti\ccs1110\ccs\tools\compiler\ti-cgt-arm_20.2.6.LTS\lib\</path>
         <kind>archive</kind>
         <file>rtsv7M4_T_le_eabi.lib</file>
         <name>copy_decompress_none.c.obj</name>
      </input_file>
      <input_file id="fl-e7">
         <path>C:\ti\ccs1110\ccs\tools\compiler\ti-cgt-arm_20.2.6.LTS\lib\</path>
         <kind>archive</kind>
         <file>rtsv7M4_T_le_eabi.lib</file>
         <name>copy_decompress_lzss.c.obj</name>
      </input_file>
      <input_file id="fl-e8">
         <path>C:\ti\ccs1110\ccs\tools\compiler\ti-cgt-arm_20.2.6.LTS\lib\</path>
         <kind>archive</kind>
         <file>rtsv7M4_T_le_eabi.lib</file>
         <name>atoi.c.obj</name>
      </input_file>
      <input_file id="fl-e9">
         <path>C:\ti\ccs1110\ccs\tools\compiler\ti-cgt-arm_20.2.6.LTS\lib\</path>
         <kind>archive</kind>
         <file>rtsv7M4_T_le_eabi.lib</file>
         <name>ctype.c.obj</name>
      </input_file>
      <input_file id="fl-ea">
         <path>C:\ti\ccs1110\ccs\tools\compiler\ti-cgt-arm_20.2.6.LTS\lib\</path>
         <kind>archive</kind>
         <file>rtsv7M4_T_le_eabi.lib</file>
         <name>memory.c.obj</name>
      </input_file>
      <input_file id="fl-eb">
         <path>C:\ti\ccs1110\ccs\tools\compiler\ti-cgt-arm_20.2.6.LTS\lib\</path>
         <kind>archive</kind>
         <file>rtsv7M4_T_le_eabi.lib</file>
         <name>boot_cortex_m.c.obj</name>
      </input_file>
      <input_file id="fl-ec">
         <path>C:\ti\ccs1110\ccs\tools\compiler\ti-cgt-arm_20.2.6.LTS\lib\</path>
         <kind>archive</kind>
         <file>rtsv7M4_T_le_eabi.lib</file>
         <name>_printfi.c.obj</name>
      </input_file>
      <input_file id="fl-ed">
         <path>C:\ti\ccs1110\ccs\tools\compiler\ti-cgt-arm_20.2.6.LTS\lib\</path>
         <kind>archive</kind>
         <file>rtsv7M4_T_le_eabi.lib</file>
         <name>div0.asm.obj</name>
      </input_file>
      <input_file id="fl-ee">
         <path>C:\ti\ccs1110\ccs\tools\compiler\ti-cgt-arm_20.2.6.LTS\lib\</path>
         <kind>archive</kind>
         <file>rtsv7M4_T_le_eabi.lib</file>
         <name>fd_add_t2.asm.obj</name>
      </input_file>
      <input_file id="fl-ef">
         <path>C:\ti\ccs1110\ccs\tools\compiler\ti-cgt-arm_20.2.6.LTS\lib\</path>
         <kind>archive</kind>
         <file>rtsv7M4_T_le_eabi.lib</file>
         <name>fd_cmp_t2.asm.obj</name>
      </input_file>
      <input_file id="fl-f0">
         <path>C:\ti\ccs1110\ccs\tools\compiler\ti-cgt-arm_20.2.6.LTS\lib\</path>
         <kind>archive</kind>
         <file>rtsv7M4_T_le_eabi.lib</file>
         <name>fd_div_t2.asm.obj</name>
      </input_file>
      <input_file id="fl-f1">
         <path>C:\ti\ccs1110\ccs\tools\compiler\ti-cgt-arm_20.2.6.LTS\lib\</path>
         <kind>archive</kind>
         <file>rtsv7M4_T_le_eabi.lib</file>
         <name>fd_mul_t2.asm.obj</name>
      </input_file>
      <input_file id="fl-f2">
         <path>C:\ti\ccs1110\ccs\tools\compiler\ti-cgt-arm_20.2.6.LTS\lib\</path>
         <kind>archive</kind>
         <file>rtsv7M4_T_le_eabi.lib</file>
         <name>fd_toi_t2.asm.obj</name>
      </input_file>
      <input_file id="fl-f3">
         <path>C:\ti\ccs1110\ccs\tools\compiler\ti-cgt-arm_20.2.6.LTS\lib\</path>
         <kind>archive</kind>
         <file>rtsv7M4_T_le_eabi.lib</file>
         <name>i_tofd_t2.asm.obj</name>
      </input_file>
      <input_file id="fl-f4">
         <path>C:\ti\ccs1110\ccs\tools\compiler\ti-cgt-arm_20.2.6.LTS\lib\</path>
         <kind>archive</kind>
         <file>rtsv7M4_T_le_eabi.lib</file>
         <name>memset_t2.asm.obj</name>
      </input_file>
      <input_file id="fl-f5">
         <path>C:\ti\ccs1110\ccs\tools\compiler\ti-cgt-arm_20.2.6.LTS\lib\</path>
         <kind>archive</kind>
         <file>rtsv7M4_T_le_eabi.lib</file>
         <name>autoinit.c.obj</name>
      </input_file>
      <input_file id="fl-f6">
         <path>C:\ti\ccs1110\ccs\tools\compiler\ti-cgt-arm_20.2.6.LTS\lib\</path>
         <kind>archive</kind>
         <file>rtsv7M4_T_le_eabi.lib</file>
         <name>pre_init.c.obj</name>
      </input_file>
      <input_file id="fl-f7">
         <path>C:\ti\ccs1110\ccs\tools\compiler\ti-cgt-arm_20.2.6.LTS\lib\</path>
         <kind>archive</kind>
         <file>rtsv7M4_T_le_eabi.lib</file>
         <name>cpy_tbl.c.obj</name>
      </input_file>
      <input_file id="fl-f8">
         <path>C:\ti\ccs1110\ccs\tools\compiler\ti-cgt-arm_20.2.6.LTS\lib\</path>
         <kind>archive</kind>
         <file>rtsv7M4_T_le_eabi.lib</file>
         <name>exit.c.obj</name>
      </input_file>
      <input_file id="fl-f9">
         <path>C:\ti\ccs1110\ccs\tools\compiler\ti-cgt-arm_20.2.6.LTS\lib\</path>
         <kind>archive</kind>
         <file>rtsv7M4_T_le_eabi.lib</file>
         <name>_lock.c.obj</name>
      </input_file>
      <input_file id="fl-fa">
         <path>C:\ti\ccs1110\ccs\tools\compiler\ti-cgt-arm_20.2.6.LTS\lib\</path>
         <kind>archive</kind>
         <file>rtsv7M4_T_le_eabi.lib</file>
         <name>_ltoa.c.obj</name>
      </input_file>
      <input_file id="fl-fb">
         <path>C:\ti\ccs1110\ccs\tools\compiler\ti-cgt-arm_20.2.6.LTS\lib\</path>
         <kind>archive</kind>
         <file>rtsv7M4_T_le_eabi.lib</file>
         <name>args_main.c.obj</name>
      </input_file>
      <input_file id="fl-fc">
         <path>C:\ti\ccs1110\ccs\tools\compiler\ti-cgt-arm_20.2.6.LTS\lib\</path>
         <kind>archive</kind>
         <file>rtsv7M4_T_le_eabi.lib</file>
         <name>memccpy.c.obj</name>
      </input_file>
      <input_file id="fl-fd">
         <path>C:\ti\ccs1110\ccs\tools\compiler\ti-cgt-arm_20.2.6.LTS\lib\</path>
         <kind>archive</kind>
         <file>rtsv7M4_T_le_eabi.lib</file>
         <name>strchr.c.obj</name>
      </input_file>
      <input_file id="fl-fe">
         <path>C:\ti\ccs1110\ccs\tools\compiler\ti-cgt-arm_20.2.6.LTS\lib\</path>
         <kind>archive</kind>
         <file>rtsv7M4_T_le_eabi.lib</file>
         <name>strlen.c.obj</name>
      </input_file>
      <input_file id="fl-ff">
         <path>C:\ti\ccs1110\ccs\tools\compiler\ti-cgt-arm_20.2.6.LTS\lib\</path>
         <kind>archive</kind>
         <file>rtsv7M4_T_le_eabi.lib</file>
         <name>errno.c.obj</name>
      </input_file>
      <input_file id="fl-100">
         <path>C:\ti\ccs1110\ccs\tools\compiler\ti-cgt-arm_20.2.6.LTS\lib\</path>
         <kind>archive</kind>
         <file>rtsv7M4_T_le_eabi.lib</file>
         <name>s_frexp.c.obj</name>
      </input_file>
      <input_file id="fl-101">
         <path>C:\ti\ccs1110\ccs\tools\compiler\ti-cgt-arm_20.2.6.LTS\lib\</path>
         <kind>archive</kind>
         <file>rtsv7M4_T_le_eabi.lib</file>
         <name>s_scalbn.c.obj</name>
      </input_file>
      <input_file id="fl-102">
         <path>C:\ti\ccs1110\ccs\tools\compiler\ti-cgt-arm_20.2.6.LTS\lib\</path>
         <kind>archive</kind>
         <file>rtsv7M4_T_le_eabi.lib</file>
         <name>s_copysign.c.obj</name>
      </input_file>
      <input_file id="fl-103">
         <path>C:\ti\ccs1110\ccs\tools\compiler\ti-cgt-arm_20.2.6.LTS\lib\</path>
         <kind>archive</kind>
         <file>rtsv7M4_T_le_eabi.lib</file>
         <name>wcslen.c.obj</name>
      </input_file>
   </input_file_list>
   <object_component_list>
      <object_component id="oc-4a3">
         <name>.text:__TI_printfi</name>
         <load_address>0x2000c040</load_address>
         <run_address>0x2000c040</run_address>
         <size>0xa4e</size>
         <input_file_ref idref="fl-ec"/>
      </object_component>
      <object_component id="oc-1da">
         <name>.text:Board_initHook</name>
         <load_address>0x2000ca8e</load_address>
         <run_address>0x2000ca8e</run_address>
         <size>0x2</size>
         <input_file_ref idref="fl-3"/>
      </object_component>
      <object_component id="oc-1ce">
         <name>.text:PRCMCC3200MCUInit</name>
         <load_address>0x2000ca90</load_address>
         <run_address>0x2000ca90</run_address>
         <size>0x42c</size>
         <input_file_ref idref="fl-24"/>
      </object_component>
      <object_component id="oc-765">
         <name>.text:UARTCC32XX_open</name>
         <load_address>0x2000cebc</load_address>
         <run_address>0x2000cebc</run_address>
         <size>0x288</size>
         <input_file_ref idref="fl-15"/>
      </object_component>
      <object_component id="oc-623">
         <name>.text:_pconv_a</name>
         <load_address>0x2000d144</load_address>
         <run_address>0x2000d144</run_address>
         <size>0x268</size>
         <input_file_ref idref="fl-ec"/>
      </object_component>
      <object_component id="oc-1ee">
         <name>.text:initI2C</name>
         <load_address>0x2000d3ac</load_address>
         <run_address>0x2000d3ac</run_address>
         <size>0x250</size>
         <input_file_ref idref="fl-2"/>
      </object_component>
      <object_component id="oc-15f">
         <name>.text:mainThread</name>
         <load_address>0x2000d5fc</load_address>
         <run_address>0x2000d5fc</run_address>
         <size>0x214</size>
         <input_file_ref idref="fl-2"/>
      </object_component>
      <object_component id="oc-200">
         <name>.text:GPIO_setConfig</name>
         <load_address>0x2000d810</load_address>
         <run_address>0x2000d810</run_address>
         <size>0x1e4</size>
         <input_file_ref idref="fl-10"/>
      </object_component>
      <object_component id="oc-611">
         <name>.text:_pconv_g</name>
         <load_address>0x2000d9f4</load_address>
         <run_address>0x2000d9f4</run_address>
         <size>0x1cc</size>
         <input_file_ref idref="fl-ec"/>
      </object_component>
      <object_component id="oc-7ba">
         <name>.text</name>
         <load_address>0x2000dbc0</load_address>
         <run_address>0x2000dbc0</run_address>
         <size>0x1b6</size>
         <input_file_ref idref="fl-ee"/>
      </object_component>
      <object_component id="oc-33a">
         <name>.text:I2C_init</name>
         <load_address>0x2000dd76</load_address>
         <run_address>0x2000dd76</run_address>
         <size>0x2</size>
         <input_file_ref idref="fl-e"/>
      </object_component>
      <object_component id="oc-423">
         <name>.text:PowerCC32XX_sleepPolicy</name>
         <load_address>0x2000dd78</load_address>
         <run_address>0x2000dd78</run_address>
         <size>0x19c</size>
         <input_file_ref idref="fl-1c"/>
      </object_component>
      <object_component id="oc-4ef">
         <name>.text:I2CCC32XX_hwiFxn</name>
         <load_address>0x2000df14</load_address>
         <run_address>0x2000df14</run_address>
         <size>0x148</size>
         <input_file_ref idref="fl-11"/>
      </object_component>
      <object_component id="oc-706">
         <name>.text:parkPins</name>
         <load_address>0x2000e05c</load_address>
         <run_address>0x2000e05c</run_address>
         <size>0x148</size>
         <input_file_ref idref="fl-12"/>
      </object_component>
      <object_component id="oc-61d">
         <name>.text:_pconv_e</name>
         <load_address>0x2000e1a4</load_address>
         <run_address>0x2000e1a4</run_address>
         <size>0x13c</size>
         <input_file_ref idref="fl-ec"/>
      </object_component>
      <object_component id="oc-594">
         <name>.text:Power_sleep</name>
         <load_address>0x2000e2e0</load_address>
         <run_address>0x2000e2e0</run_address>
         <size>0x138</size>
         <input_file_ref idref="fl-12"/>
      </object_component>
      <object_component id="oc-7a0">
         <name>.text</name>
         <load_address>0x2000e418</load_address>
         <run_address>0x2000e418</run_address>
         <size>0x136</size>
         <input_file_ref idref="fl-f0"/>
      </object_component>
      <object_component id="oc-41d">
         <name>.text:PowerCC32XX_initPolicy</name>
         <load_address>0x2000e54e</load_address>
         <run_address>0x2000e54e</run_address>
         <size>0x2</size>
         <input_file_ref idref="fl-1c"/>
      </object_component>
      <object_component id="oc-877">
         <name>.text:TimerCC32XX_open</name>
         <load_address>0x2000e550</load_address>
         <run_address>0x2000e550</run_address>
         <size>0x128</size>
         <input_file_ref idref="fl-14"/>
      </object_component>
      <object_component id="oc-4fd">
         <name>.text:I2C_transferTimeout</name>
         <load_address>0x2000e678</load_address>
         <run_address>0x2000e678</run_address>
         <size>0x122</size>
         <input_file_ref idref="fl-e"/>
      </object_component>
      <object_component id="oc-871">
         <name>.text:TimerCC32XX_init</name>
         <load_address>0x2000e79a</load_address>
         <run_address>0x2000e79a</run_address>
         <size>0x2</size>
         <input_file_ref idref="fl-14"/>
      </object_component>
      <object_component id="oc-753">
         <name>.text:UARTCC32XX_close</name>
         <load_address>0x2000e79c</load_address>
         <run_address>0x2000e79c</run_address>
         <size>0x120</size>
         <input_file_ref idref="fl-15"/>
      </object_component>
      <object_component id="oc-7cc">
         <name>.text:fcvt</name>
         <load_address>0x2000e8bc</load_address>
         <run_address>0x2000e8bc</run_address>
         <size>0x120</size>
         <input_file_ref idref="fl-ec"/>
      </object_component>
      <object_component id="oc-1fa">
         <name>.text:readTemp</name>
         <load_address>0x2000e9dc</load_address>
         <run_address>0x2000e9dc</run_address>
         <size>0x120</size>
         <input_file_ref idref="fl-2"/>
      </object_component>
      <object_component id="oc-6d9">
         <name>.text:aligned_alloc</name>
         <load_address>0x2000eafc</load_address>
         <run_address>0x2000eafc</run_address>
         <size>0x100</size>
         <input_file_ref idref="fl-ea"/>
      </object_component>
      <object_component id="oc-346">
         <name>.text:I2C_open</name>
         <load_address>0x2000ebfc</load_address>
         <run_address>0x2000ebfc</run_address>
         <size>0xfc</size>
         <input_file_ref idref="fl-11"/>
      </object_component>
      <object_component id="oc-79b">
         <name>.text</name>
         <load_address>0x2000ecf8</load_address>
         <run_address>0x2000ecf8</run_address>
         <size>0xfc</size>
         <input_file_ref idref="fl-f1"/>
      </object_component>
      <object_component id="oc-759">
         <name>.text:UARTCC32XX_control</name>
         <load_address>0x2000edf4</load_address>
         <run_address>0x2000edf4</run_address>
         <size>0xf2</size>
         <input_file_ref idref="fl-15"/>
      </object_component>
      <object_component id="oc-75f">
         <name>.text:UARTCC32XX_init</name>
         <load_address>0x2000eee6</load_address>
         <run_address>0x2000eee6</run_address>
         <size>0x2</size>
         <input_file_ref idref="fl-15"/>
      </object_component>
      <object_component id="oc-43f">
         <name>.text:free</name>
         <load_address>0x2000eee8</load_address>
         <run_address>0x2000eee8</run_address>
         <size>0xe4</size>
         <input_file_ref idref="fl-ea"/>
      </object_component>
      <object_component id="oc-7e0">
         <name>.text:scalbn</name>
         <load_address>0x2000efcc</load_address>
         <run_address>0x2000efcc</run_address>
         <size>0xd0</size>
         <input_file_ref idref="fl-101"/>
      </object_component>
      <object_component id="oc-77d">
         <name>.text:UARTCC32XX_write</name>
         <load_address>0x2000f09c</load_address>
         <run_address>0x2000f09c</run_address>
         <size>0xca</size>
         <input_file_ref idref="fl-15"/>
      </object_component>
      <object_component id="oc-3e5">
         <name>.text:_nop</name>
         <load_address>0x2000f166</load_address>
         <run_address>0x2000f166</run_address>
         <size>0x2</size>
         <input_file_ref idref="fl-f9"/>
      </object_component>
      <object_component id="oc-1e2">
         <name>.text:GPIO_init</name>
         <load_address>0x2000f168</load_address>
         <run_address>0x2000f168</run_address>
         <size>0xc4</size>
         <input_file_ref idref="fl-10"/>
      </object_component>
      <object_component id="oc-723">
         <name>.text:restoreParkedPins</name>
         <load_address>0x2000f22c</load_address>
         <run_address>0x2000f22c</run_address>
         <size>0xc0</size>
         <input_file_ref idref="fl-12"/>
      </object_component>
      <object_component id="oc-771">
         <name>.text:UARTCC32XX_readPolling</name>
         <load_address>0x2000f2ec</load_address>
         <run_address>0x2000f2ec</run_address>
         <size>0xba</size>
         <input_file_ref idref="fl-15"/>
      </object_component>
      <object_component id="oc-73">
         <name>.text:busFaultHandler</name>
         <load_address>0x2000f3a6</load_address>
         <run_address>0x2000f3a6</run_address>
         <size>0x2</size>
         <input_file_ref idref="fl-1d"/>
      </object_component>
      <object_component id="oc-93e">
         <name>.text:initHw</name>
         <load_address>0x2000f3a8</load_address>
         <run_address>0x2000f3a8</run_address>
         <size>0xb8</size>
         <input_file_ref idref="fl-15"/>
      </object_component>
      <object_component id="oc-a61">
         <name>.text:readTaskCallback</name>
         <load_address>0x2000f460</load_address>
         <run_address>0x2000f460</run_address>
         <size>0xb6</size>
         <input_file_ref idref="fl-15"/>
      </object_component>
      <object_component id="oc-696">
         <name>.text:I2CCC32XX_completeTransfer</name>
         <load_address>0x2000f516</load_address>
         <run_address>0x2000f516</run_address>
         <size>0xb2</size>
         <input_file_ref idref="fl-11"/>
      </object_component>
      <object_component id="oc-606">
         <name>.text:_ltostr</name>
         <load_address>0x2000f5c8</load_address>
         <run_address>0x2000f5c8</run_address>
         <size>0xb1</size>
         <input_file_ref idref="fl-ec"/>
      </object_component>
      <object_component id="oc-a4f">
         <name>.text:readTaskBlocking</name>
         <load_address>0x2000f67a</load_address>
         <run_address>0x2000f67a</run_address>
         <size>0xb0</size>
         <input_file_ref idref="fl-15"/>
      </object_component>
      <object_component id="oc-a55">
         <name>.text:readIsrTextBlocking</name>
         <load_address>0x2000f72a</load_address>
         <run_address>0x2000f72a</run_address>
         <size>0xae</size>
         <input_file_ref idref="fl-15"/>
      </object_component>
      <object_component id="oc-684">
         <name>.text:I2CCC32XX_primeWriteBurst</name>
         <load_address>0x2000f7d8</load_address>
         <run_address>0x2000f7d8</run_address>
         <size>0xa8</size>
         <input_file_ref idref="fl-11"/>
      </object_component>
      <object_component id="oc-b5">
         <name>.text:IntEnable</name>
         <load_address>0x2000f880</load_address>
         <run_address>0x2000f880</run_address>
         <size>0xa8</size>
         <input_file_ref idref="fl-22"/>
      </object_component>
      <object_component id="oc-2d5">
         <name>.text:PowerCC32XX_configureWakeup</name>
         <load_address>0x2000f928</load_address>
         <run_address>0x2000f928</run_address>
         <size>0xa8</size>
         <input_file_ref idref="fl-12"/>
      </object_component>
      <object_component id="oc-a67">
         <name>.text:readIsrTextCallback</name>
         <load_address>0x2000f9d0</load_address>
         <run_address>0x2000f9d0</run_address>
         <size>0xa2</size>
         <input_file_ref idref="fl-15"/>
      </object_component>
      <object_component id="oc-975">
         <name>.text:writeData</name>
         <load_address>0x2000fa72</load_address>
         <run_address>0x2000fa72</run_address>
         <size>0xa2</size>
         <input_file_ref idref="fl-15"/>
      </object_component>
      <object_component id="oc-2fb">
         <name>.text:SemaphoreP_pend</name>
         <load_address>0x2000fb14</load_address>
         <run_address>0x2000fb14</run_address>
         <size>0xa0</size>
         <input_file_ref idref="fl-19"/>
      </object_component>
      <object_component id="oc-4dd">
         <name>.text:I2CCC32XX_initHw</name>
         <load_address>0x2000fbb4</load_address>
         <run_address>0x2000fbb4</run_address>
         <size>0x9c</size>
         <input_file_ref idref="fl-11"/>
      </object_component>
      <object_component id="oc-3b">
         <name>.text</name>
         <load_address>0x2000fc50</load_address>
         <run_address>0x2000fc50</run_address>
         <size>0x9c</size>
         <input_file_ref idref="fl-e3"/>
      </object_component>
      <object_component id="oc-317">
         <name>.text:powerNotifyFxn</name>
         <load_address>0x2000fcec</load_address>
         <run_address>0x2000fcec</run_address>
         <size>0x98</size>
         <input_file_ref idref="fl-10"/>
      </object_component>
      <object_component id="oc-58f">
         <name>.text</name>
         <load_address>0x2000fd84</load_address>
         <run_address>0x2000fd84</run_address>
         <size>0x96</size>
         <input_file_ref idref="fl-e4"/>
      </object_component>
      <object_component id="oc-464">
         <name>.text:clkFxn</name>
         <load_address>0x2000fe1a</load_address>
         <run_address>0x2000fe1a</run_address>
         <size>0x2</size>
         <input_file_ref idref="fl-19"/>
      </object_component>
      <object_component id="oc-717">
         <name>.text:restoreNVICRegs</name>
         <load_address>0x2000fe1c</load_address>
         <run_address>0x2000fe1c</run_address>
         <size>0x90</size>
         <input_file_ref idref="fl-12"/>
      </object_component>
      <object_component id="oc-4d1">
         <name>.text:HwiP_construct</name>
         <load_address>0x2000feac</load_address>
         <run_address>0x2000feac</run_address>
         <size>0x8c</size>
         <input_file_ref idref="fl-1b"/>
      </object_component>
      <object_component id="oc-8e7">
         <name>.text:IntPendSet</name>
         <load_address>0x2000ff38</load_address>
         <run_address>0x2000ff38</run_address>
         <size>0x88</size>
         <input_file_ref idref="fl-22"/>
      </object_component>
      <object_component id="oc-38b">
         <name>.text:PinConfigSet</name>
         <load_address>0x2000ffc0</load_address>
         <run_address>0x2000ffc0</run_address>
         <size>0x88</size>
         <input_file_ref idref="fl-23"/>
      </object_component>
      <object_component id="oc-87d">
         <name>.text:TimerCC32XX_setPeriod</name>
         <load_address>0x20010048</load_address>
         <run_address>0x20010048</run_address>
         <size>0x88</size>
         <input_file_ref idref="fl-14"/>
      </object_component>
      <object_component id="oc-60c">
         <name>.text:__aeabi_cdcmple</name>
         <load_address>0x200100d0</load_address>
         <run_address>0x200100d0</run_address>
         <size>0x86</size>
         <input_file_ref idref="fl-ef"/>
      </object_component>
      <object_component id="oc-7a5">
         <name>.text:__aeabi_cdrcmple</name>
         <load_address>0x20010156</load_address>
         <run_address>0x20010156</run_address>
         <size>0x86</size>
         <input_file_ref idref="fl-ef"/>
      </object_component>
      <object_component id="oc-1d4">
         <name>.text:Power_init</name>
         <load_address>0x200101dc</load_address>
         <run_address>0x200101dc</run_address>
         <size>0x84</size>
         <input_file_ref idref="fl-12"/>
      </object_component>
      <object_component id="oc-70c">
         <name>.text:saveNVICRegs</name>
         <load_address>0x20010260</load_address>
         <run_address>0x20010260</run_address>
         <size>0x84</size>
         <input_file_ref idref="fl-12"/>
      </object_component>
      <object_component id="oc-391">
         <name>.text:Power_setDependency</name>
         <load_address>0x200102e4</load_address>
         <run_address>0x200102e4</run_address>
         <size>0x80</size>
         <input_file_ref idref="fl-12"/>
      </object_component>
      <object_component id="oc-a49">
         <name>.text:readIsrBinaryBlocking</name>
         <load_address>0x20010364</load_address>
         <run_address>0x20010364</run_address>
         <size>0x7c</size>
         <input_file_ref idref="fl-15"/>
      </object_component>
      <object_component id="oc-67e">
         <name>.text:I2CCC32XX_primeReadBurst</name>
         <load_address>0x200103e0</load_address>
         <run_address>0x200103e0</run_address>
         <size>0x7a</size>
         <input_file_ref idref="fl-11"/>
      </object_component>
      <object_component id="oc-380">
         <name>.text</name>
         <load_address>0x2001045a</load_address>
         <run_address>0x2001045a</run_address>
         <size>0x7a</size>
         <input_file_ref idref="fl-df"/>
      </object_component>
      <object_component id="oc-9d">
         <name>.text</name>
         <load_address>0x200104d4</load_address>
         <run_address>0x200104d4</run_address>
         <size>0x7a</size>
         <input_file_ref idref="fl-f4"/>
      </object_component>
      <object_component id="oc-6d">
         <name>.text:defaultHandler</name>
         <load_address>0x2001054e</load_address>
         <run_address>0x2001054e</run_address>
         <size>0x2</size>
         <input_file_ref idref="fl-1d"/>
      </object_component>
      <object_component id="oc-3b5">
         <name>.text:GPIO_hwiIntFxn</name>
         <load_address>0x20010550</load_address>
         <run_address>0x20010550</run_address>
         <size>0x78</size>
         <input_file_ref idref="fl-10"/>
      </object_component>
      <object_component id="oc-883">
         <name>.text:TimerCC32XX_start</name>
         <load_address>0x200105c8</load_address>
         <run_address>0x200105c8</run_address>
         <size>0x78</size>
         <input_file_ref idref="fl-14"/>
      </object_component>
      <object_component id="oc-a5b">
         <name>.text:readIsrBinaryCallback</name>
         <load_address>0x20010640</load_address>
         <run_address>0x20010640</run_address>
         <size>0x78</size>
         <input_file_ref idref="fl-15"/>
      </object_component>
      <object_component id="oc-94d">
         <name>.text:UARTCC32XX_hwiIntFxn</name>
         <load_address>0x200106b8</load_address>
         <run_address>0x200106b8</run_address>
         <size>0x74</size>
         <input_file_ref idref="fl-15"/>
      </object_component>
      <object_component id="oc-894">
         <name>.text:split</name>
         <load_address>0x2001072c</load_address>
         <run_address>0x2001072c</run_address>
         <size>0x70</size>
         <input_file_ref idref="fl-ea"/>
      </object_component>
      <object_component id="oc-7c5">
         <name>.text:_mcpy</name>
         <load_address>0x2001079c</load_address>
         <run_address>0x2001079c</run_address>
         <size>0x6e</size>
         <input_file_ref idref="fl-ec"/>
      </object_component>
      <object_component id="oc-6b1">
         <name>.text:I2CSupport_primeTransfer</name>
         <load_address>0x2001080a</load_address>
         <run_address>0x2001080a</run_address>
         <size>0x6a</size>
         <input_file_ref idref="fl-11"/>
      </object_component>
      <object_component id="oc-321">
         <name>.text:UART_init</name>
         <load_address>0x20010874</load_address>
         <run_address>0x20010874</run_address>
         <size>0x68</size>
         <input_file_ref idref="fl-2"/>
      </object_component>
      <object_component id="oc-14">
         <name>.text:decompress:lzss:__TI_decompress_lzss</name>
         <load_address>0x200108dc</load_address>
         <run_address>0x200108dc</run_address>
         <size>0x68</size>
         <input_file_ref idref="fl-e7"/>
      </object_component>
      <object_component id="oc-236">
         <name>.text:printOutput</name>
         <load_address>0x20010944</load_address>
         <run_address>0x20010944</run_address>
         <size>0x68</size>
         <input_file_ref idref="fl-2"/>
      </object_component>
      <object_component id="oc-789">
         <name>.text:UARTCC32XX_writeCancel</name>
         <load_address>0x200109ac</load_address>
         <run_address>0x200109ac</run_address>
         <size>0x66</size>
         <input_file_ref idref="fl-15"/>
      </object_component>
      <object_component id="oc-67">
         <name>.text:faultISR</name>
         <load_address>0x20010a12</load_address>
         <run_address>0x20010a12</run_address>
         <size>0x2</size>
         <input_file_ref idref="fl-1d"/>
      </object_component>
      <object_component id="oc-48e">
         <name>.text:PowerCC32XX_setParkState</name>
         <load_address>0x20010a14</load_address>
         <run_address>0x20010a14</run_address>
         <size>0x64</size>
         <input_file_ref idref="fl-12"/>
      </object_component>
      <object_component id="oc-783">
         <name>.text:UARTCC32XX_writePolling</name>
         <load_address>0x20010a78</load_address>
         <run_address>0x20010a78</run_address>
         <size>0x62</size>
         <input_file_ref idref="fl-15"/>
      </object_component>
      <object_component id="oc-61">
         <name>.text:nmiISR</name>
         <load_address>0x20010ada</load_address>
         <run_address>0x20010ada</run_address>
         <size>0x2</size>
         <input_file_ref idref="fl-1d"/>
      </object_component>
      <object_component id="oc-2a3">
         <name>.text:PRCMSysResetCauseGet</name>
         <load_address>0x20010adc</load_address>
         <run_address>0x20010adc</run_address>
         <size>0x60</size>
         <input_file_ref idref="fl-24"/>
      </object_component>
      <object_component id="oc-206">
         <name>.text:GPIO_setCallback</name>
         <load_address>0x20010b3c</load_address>
         <run_address>0x20010b3c</run_address>
         <size>0x5c</size>
         <input_file_ref idref="fl-10"/>
      </object_component>
      <object_component id="oc-32d">
         <name>.text:UART_open</name>
         <load_address>0x20010b98</load_address>
         <run_address>0x20010b98</run_address>
         <size>0x5c</size>
         <input_file_ref idref="fl-2"/>
      </object_component>
      <object_component id="oc-7da">
         <name>.text:frexp</name>
         <load_address>0x20010bf4</load_address>
         <run_address>0x20010bf4</run_address>
         <size>0x5c</size>
         <input_file_ref idref="fl-100"/>
      </object_component>
      <object_component id="oc-8a7">
         <name>.text:sysTickInit</name>
         <load_address>0x20010c50</load_address>
         <run_address>0x20010c50</run_address>
         <size>0x5c</size>
         <input_file_ref idref="fl-1a"/>
      </object_component>
      <object_component id="oc-212">
         <name>.text:GPIO_write</name>
         <load_address>0x20010cac</load_address>
         <run_address>0x20010cac</run_address>
         <size>0x58</size>
         <input_file_ref idref="fl-10"/>
      </object_component>
      <object_component id="oc-2bc">
         <name>.text:PRCMPeripheralReset</name>
         <load_address>0x20010d04</load_address>
         <run_address>0x20010d04</run_address>
         <size>0x58</size>
         <input_file_ref idref="fl-24"/>
      </object_component>
      <object_component id="oc-905">
         <name>.text:Power_releaseDependency</name>
         <load_address>0x20010d5c</load_address>
         <run_address>0x20010d5c</run_address>
         <size>0x58</size>
         <input_file_ref idref="fl-12"/>
      </object_component>
      <object_component id="oc-889">
         <name>.text:TimerCC32XX_stop</name>
         <load_address>0x20010db4</load_address>
         <run_address>0x20010db4</run_address>
         <size>0x56</size>
         <input_file_ref idref="fl-14"/>
      </object_component>
      <object_component id="oc-617">
         <name>.text:_pconv_f</name>
         <load_address>0x20010e0a</load_address>
         <run_address>0x20010e0a</run_address>
         <size>0x56</size>
         <input_file_ref idref="fl-ec"/>
      </object_component>
      <object_component id="oc-7af">
         <name>.text:__TI_ltoa</name>
         <load_address>0x20010e60</load_address>
         <run_address>0x20010e60</run_address>
         <size>0x54</size>
         <input_file_ref idref="fl-fa"/>
      </object_component>
      <object_component id="oc-1f4">
         <name>.text:initTimer</name>
         <load_address>0x20010eb4</load_address>
         <run_address>0x20010eb4</run_address>
         <size>0x54</size>
         <input_file_ref idref="fl-2"/>
      </object_component>
      <object_component id="oc-ad4">
         <name>.text:ringBufGet</name>
         <load_address>0x20010f08</load_address>
         <run_address>0x20010f08</run_address>
         <size>0x54</size>
         <input_file_ref idref="fl-15"/>
      </object_component>
      <object_component id="oc-8c4">
         <name>.text:PowerCC32XX_resumeLPDS</name>
         <load_address>0x20010f5c</load_address>
         <run_address>0x20010f5c</run_address>
         <size>0x52</size>
         <input_file_ref idref="fl-13"/>
      </object_component>
      <object_component id="oc-7bf">
         <name>.text:_ecpy</name>
         <load_address>0x20010fae</load_address>
         <run_address>0x20010fae</run_address>
         <size>0x52</size>
         <input_file_ref idref="fl-ec"/>
      </object_component>
      <object_component id="oc-9d5">
         <name>.text:initHw</name>
         <load_address>0x20011000</load_address>
         <run_address>0x20011000</run_address>
         <size>0x52</size>
         <input_file_ref idref="fl-14"/>
      </object_component>
      <object_component id="oc-6fa">
         <name>.text</name>
         <load_address>0x20011052</load_address>
         <run_address>0x20011052</run_address>
         <size>0x2</size>
         <input_file_ref idref="fl-ed"/>
      </object_component>
      <object_component id="oc-79">
         <name>.text:ClockP_sysTickHandler</name>
         <load_address>0x20011054</load_address>
         <run_address>0x20011054</run_address>
         <size>0x50</size>
         <input_file_ref idref="fl-1a"/>
      </object_component>
      <object_component id="oc-5b5">
         <name>.text:SemaphoreP_construct</name>
         <load_address>0x200110a4</load_address>
         <run_address>0x200110a4</run_address>
         <size>0x50</size>
         <input_file_ref idref="fl-19"/>
      </object_component>
      <object_component id="oc-9c9">
         <name>.text:TimerCC32XX_allocateTimerResource</name>
         <load_address>0x200110f4</load_address>
         <run_address>0x200110f4</run_address>
         <size>0x50</size>
         <input_file_ref idref="fl-14"/>
      </object_component>
      <object_component id="oc-20c">
         <name>.text:GPIO_enableInt</name>
         <load_address>0x20011144</load_address>
         <run_address>0x20011144</run_address>
         <size>0x4c</size>
         <input_file_ref idref="fl-10"/>
      </object_component>
      <object_component id="oc-672">
         <name>.text:I2CCC32XX_readRecieveFifo</name>
         <load_address>0x20011190</load_address>
         <run_address>0x20011190</run_address>
         <size>0x4c</size>
         <input_file_ref idref="fl-11"/>
      </object_component>
      <object_component id="oc-8bb">
         <name>.text:PowerCC32XX_parkPin</name>
         <load_address>0x200111dc</load_address>
         <run_address>0x200111dc</run_address>
         <size>0x4c</size>
         <input_file_ref idref="fl-12"/>
      </object_component>
      <object_component id="oc-224">
         <name>.text:atoi</name>
         <load_address>0x20011228</load_address>
         <run_address>0x20011228</run_address>
         <size>0x4c</size>
         <input_file_ref idref="fl-e8"/>
      </object_component>
      <object_component id="oc-71d">
         <name>.text:restorePeriphClocks</name>
         <load_address>0x20011274</load_address>
         <run_address>0x20011274</run_address>
         <size>0x4c</size>
         <input_file_ref idref="fl-12"/>
      </object_component>
      <object_component id="oc-334">
         <name>.text:snprintf</name>
         <load_address>0x200112c0</load_address>
         <run_address>0x200112c0</run_address>
         <size>0x4c</size>
         <input_file_ref idref="fl-de"/>
      </object_component>
      <object_component id="oc-8df">
         <name>.text:FlashDisable</name>
         <load_address>0x2001130c</load_address>
         <run_address>0x2001130c</run_address>
         <size>0x48</size>
         <input_file_ref idref="fl-28"/>
      </object_component>
      <object_component id="oc-729">
         <name>.text:PRCMLPDSEnter</name>
         <load_address>0x20011354</load_address>
         <run_address>0x20011354</run_address>
         <size>0x48</size>
         <input_file_ref idref="fl-24"/>
      </object_component>
      <object_component id="oc-2b6">
         <name>.text:PRCMPeripheralClkEnable</name>
         <load_address>0x2001139c</load_address>
         <run_address>0x2001139c</run_address>
         <size>0x48</size>
         <input_file_ref idref="fl-24"/>
      </object_component>
      <object_component id="oc-834">
         <name>.text:Power_releaseConstraint</name>
         <load_address>0x200113e4</load_address>
         <run_address>0x200113e4</run_address>
         <size>0x48</size>
         <input_file_ref idref="fl-12"/>
      </object_component>
      <object_component id="oc-3cf">
         <name>.text:TickFct_TempAdjust</name>
         <load_address>0x2001142c</load_address>
         <run_address>0x2001142c</run_address>
         <size>0x48</size>
         <input_file_ref idref="fl-2"/>
      </object_component>
      <object_component id="oc-7aa">
         <name>.text</name>
         <load_address>0x20011474</load_address>
         <run_address>0x20011474</run_address>
         <size>0x48</size>
         <input_file_ref idref="fl-f2"/>
      </object_component>
      <object_component id="oc-ac1">
         <name>.text:RingBuf_put</name>
         <load_address>0x200114bc</load_address>
         <run_address>0x200114bc</run_address>
         <size>0x46</size>
         <input_file_ref idref="fl-17"/>
      </object_component>
      <object_component id="oc-9cf">
         <name>.text:getPrescaler</name>
         <load_address>0x20011502</load_address>
         <run_address>0x20011502</run_address>
         <size>0x46</size>
         <input_file_ref idref="fl-14"/>
      </object_component>
      <object_component id="oc-5dd">
         <name>.text:ClockP_stop</name>
         <load_address>0x20011548</load_address>
         <run_address>0x20011548</run_address>
         <size>0x44</size>
         <input_file_ref idref="fl-1a"/>
      </object_component>
      <object_component id="oc-8c9">
         <name>.text:PRCMLPDSRestoreInfoSet</name>
         <load_address>0x2001158c</load_address>
         <run_address>0x2001158c</run_address>
         <size>0x44</size>
         <input_file_ref idref="fl-24"/>
      </object_component>
      <object_component id="oc-712">
         <name>.text:PowerCC32XX_enterLPDS</name>
         <load_address>0x200115d0</load_address>
         <run_address>0x200115d0</run_address>
         <size>0x44</size>
         <input_file_ref idref="fl-13"/>
      </object_component>
      <object_component id="oc-307">
         <name>.text:SemaphoreP_post</name>
         <load_address>0x20011614</load_address>
         <run_address>0x20011614</run_address>
         <size>0x44</size>
         <input_file_ref idref="fl-19"/>
      </object_component>
      <object_component id="oc-5a5">
         <name>.text:SwiP_restore</name>
         <load_address>0x20011658</load_address>
         <run_address>0x20011658</run_address>
         <size>0x44</size>
         <input_file_ref idref="fl-1e"/>
      </object_component>
      <object_component id="oc-35b">
         <name>.text:Timer_init</name>
         <load_address>0x2001169c</load_address>
         <run_address>0x2001169c</run_address>
         <size>0x44</size>
         <input_file_ref idref="fl-f"/>
      </object_component>
      <object_component id="oc-172">
         <name>.text:__TI_auto_init_nobinit_nopinit:__TI_auto_init_nobinit_nopinit</name>
         <load_address>0x200116e0</load_address>
         <run_address>0x200116e0</run_address>
         <size>0x44</size>
         <input_file_ref idref="fl-f5"/>
      </object_component>
      <object_component id="oc-1e8">
         <name>.text:initUART</name>
         <load_address>0x20011724</load_address>
         <run_address>0x20011724</run_address>
         <size>0x44</size>
         <input_file_ref idref="fl-2"/>
      </object_component>
      <object_component id="oc-a38">
         <name>.text:ClockP_construct</name>
         <load_address>0x20011768</load_address>
         <run_address>0x20011768</run_address>
         <size>0x40</size>
         <input_file_ref idref="fl-1a"/>
      </object_component>
      <object_component id="oc-2ce">
         <name>.text:PinModeSet</name>
         <load_address>0x200117a8</load_address>
         <run_address>0x200117a8</run_address>
         <size>0x40</size>
         <input_file_ref idref="fl-23"/>
      </object_component>
      <object_component id="oc-967">
         <name>.text:RingBuf_get</name>
         <load_address>0x200117e8</load_address>
         <run_address>0x200117e8</run_address>
         <size>0x40</size>
         <input_file_ref idref="fl-17"/>
      </object_component>
      <object_component id="oc-367">
         <name>.text:Timer_open</name>
         <load_address>0x20011828</load_address>
         <run_address>0x20011828</run_address>
         <size>0x40</size>
         <input_file_ref idref="fl-f"/>
      </object_component>
      <object_component id="oc-76b">
         <name>.text:UARTCC32XX_read</name>
         <load_address>0x20011868</load_address>
         <run_address>0x20011868</run_address>
         <size>0x40</size>
         <input_file_ref idref="fl-15"/>
      </object_component>
      <object_component id="oc-7d2">
         <name>.text:_fcpy</name>
         <load_address>0x200118a8</load_address>
         <run_address>0x200118a8</run_address>
         <size>0x3e</size>
         <input_file_ref idref="fl-ec"/>
      </object_component>
      <object_component id="oc-45e">
         <name>.text:ClockP_destruct</name>
         <load_address>0x200118e8</load_address>
         <run_address>0x200118e8</run_address>
         <size>0x3c</size>
         <input_file_ref idref="fl-1a"/>
      </object_component>
      <object_component id="oc-83b">
         <name>.text:Power_setConstraint</name>
         <load_address>0x20011924</load_address>
         <run_address>0x20011924</run_address>
         <size>0x3c</size>
         <input_file_ref idref="fl-12"/>
      </object_component>
      <object_component id="oc-85f">
         <name>.text:TimerCC32XX_close</name>
         <load_address>0x20011960</load_address>
         <run_address>0x20011960</run_address>
         <size>0x3a</size>
         <input_file_ref idref="fl-14"/>
      </object_component>
      <object_component id="oc-589">
         <name>.text:getCountsRTC</name>
         <load_address>0x2001199a</load_address>
         <run_address>0x2001199a</run_address>
         <size>0x3a</size>
         <input_file_ref idref="fl-1c"/>
      </object_component>
      <object_component id="oc-72f">
         <name>.text:PRCMLPDSEnterKeepDebugIf</name>
         <load_address>0x200119d4</load_address>
         <run_address>0x200119d4</run_address>
         <size>0x38</size>
         <input_file_ref idref="fl-24"/>
      </object_component>
      <object_component id="oc-9e1">
         <name>.text:TimerCC32XX_hwiIntFunction</name>
         <load_address>0x20011a0c</load_address>
         <run_address>0x20011a0c</run_address>
         <size>0x38</size>
         <input_file_ref idref="fl-14"/>
      </object_component>
      <object_component id="oc-db">
         <name>.text:addToList</name>
         <load_address>0x20011a44</load_address>
         <run_address>0x20011a44</run_address>
         <size>0x38</size>
         <input_file_ref idref="fl-1a"/>
      </object_component>
      <object_component id="oc-59">
         <name>.text:initVectors</name>
         <load_address>0x20011a7c</load_address>
         <run_address>0x20011a7c</run_address>
         <size>0x38</size>
         <input_file_ref idref="fl-1d"/>
      </object_component>
      <object_component id="oc-700">
         <name>.text:notify</name>
         <load_address>0x20011ab4</load_address>
         <run_address>0x20011ab4</run_address>
         <size>0x38</size>
         <input_file_ref idref="fl-12"/>
      </object_component>
      <object_component id="oc-385">
         <name>.text</name>
         <load_address>0x20011aec</load_address>
         <run_address>0x20011aec</run_address>
         <size>0x38</size>
         <input_file_ref idref="fl-e0"/>
      </object_component>
      <object_component id="oc-37b">
         <name>.text</name>
         <load_address>0x20011b24</load_address>
         <run_address>0x20011b24</run_address>
         <size>0x38</size>
         <input_file_ref idref="fl-e1"/>
      </object_component>
      <object_component id="oc-a9f">
         <name>.text:TimerControlStall</name>
         <load_address>0x20011b5c</load_address>
         <run_address>0x20011b5c</run_address>
         <size>0x36</size>
         <input_file_ref idref="fl-25"/>
      </object_component>
      <object_component id="oc-777">
         <name>.text:UARTCC32XX_readCancel</name>
         <load_address>0x20011b92</load_address>
         <run_address>0x20011b92</run_address>
         <size>0x36</size>
         <input_file_ref idref="fl-15"/>
      </object_component>
      <object_component id="oc-577">
         <name>.text:ClockP_getTicksUntilInterrupt</name>
         <load_address>0x20011bc8</load_address>
         <run_address>0x20011bc8</run_address>
         <size>0x34</size>
         <input_file_ref idref="fl-1a"/>
      </object_component>
      <object_component id="oc-6f1">
         <name>.text:ClockP_startup</name>
         <load_address>0x20011bfc</load_address>
         <run_address>0x20011bfc</run_address>
         <size>0x34</size>
         <input_file_ref idref="fl-1a"/>
      </object_component>
      <object_component id="oc-2c8">
         <name>.text:PinModeGet</name>
         <load_address>0x20011c30</load_address>
         <run_address>0x20011c30</run_address>
         <size>0x34</size>
         <input_file_ref idref="fl-23"/>
      </object_component>
      <object_component id="oc-90b">
         <name>.text:PowerCC32XX_restoreParkState</name>
         <load_address>0x20011c64</load_address>
         <run_address>0x20011c64</run_address>
         <size>0x34</size>
         <input_file_ref idref="fl-12"/>
      </object_component>
      <object_component id="oc-22a">
         <name>.text:TickFct_Button</name>
         <load_address>0x20011c98</load_address>
         <run_address>0x20011c98</run_address>
         <size>0x34</size>
         <input_file_ref idref="fl-2"/>
      </object_component>
      <object_component id="oc-9bf">
         <name>.text:TimerCC32XX_freeTimerResource</name>
         <load_address>0x20011ccc</load_address>
         <run_address>0x20011ccc</run_address>
         <size>0x34</size>
         <input_file_ref idref="fl-14"/>
      </object_component>
      <object_component id="oc-a93">
         <name>.text:getPowerMgrId</name>
         <load_address>0x20011d00</load_address>
         <run_address>0x20011d00</run_address>
         <size>0x34</size>
         <input_file_ref idref="fl-14"/>
      </object_component>
      <object_component id="oc-44c">
         <name>.text:ClockP_start</name>
         <load_address>0x20011d34</load_address>
         <run_address>0x20011d34</run_address>
         <size>0x30</size>
         <input_file_ref idref="fl-1a"/>
      </object_component>
      <object_component id="oc-8d8">
         <name>.text:PowerCC32XX_restoreParkedPin</name>
         <load_address>0x20011d64</load_address>
         <run_address>0x20011d64</run_address>
         <size>0x30</size>
         <input_file_ref idref="fl-12"/>
      </object_component>
      <object_component id="oc-230">
         <name>.text:TickFct_TempCheck</name>
         <load_address>0x20011d94</load_address>
         <run_address>0x20011d94</run_address>
         <size>0x30</size>
         <input_file_ref idref="fl-2"/>
      </object_component>
      <object_component id="oc-4a9">
         <name>.text:_outs</name>
         <load_address>0x20011dc4</load_address>
         <run_address>0x20011dc4</run_address>
         <size>0x30</size>
         <input_file_ref idref="fl-de"/>
      </object_component>
      <object_component id="oc-7b5">
         <name>.text</name>
         <load_address>0x20011df4</load_address>
         <run_address>0x20011df4</run_address>
         <size>0x2e</size>
         <input_file_ref idref="fl-f3"/>
      </object_component>
      <object_component id="oc-92c">
         <name>.text:PowerCC32XX_getParkState</name>
         <load_address>0x20011e24</load_address>
         <run_address>0x20011e24</run_address>
         <size>0x2c</size>
         <input_file_ref idref="fl-12"/>
      </object_component>
      <object_component id="oc-39d">
         <name>.text:HwiP_create</name>
         <load_address>0x20011e50</load_address>
         <run_address>0x20011e50</run_address>
         <size>0x2a</size>
         <input_file_ref idref="fl-1b"/>
      </object_component>
      <object_component id="oc-9ee">
         <name>.text:TimerLoadSet</name>
         <load_address>0x20011e7a</load_address>
         <run_address>0x20011e7a</run_address>
         <size>0x2a</size>
         <input_file_ref idref="fl-25"/>
      </object_component>
      <object_component id="oc-9e8">
         <name>.text:TimerPrescaleSet</name>
         <load_address>0x20011ea4</load_address>
         <run_address>0x20011ea4</run_address>
         <size>0x2a</size>
         <input_file_ref idref="fl-25"/>
      </object_component>
      <object_component id="oc-68a">
         <name>.text:I2CFIFODataPutNonBlocking</name>
         <load_address>0x20011ece</load_address>
         <run_address>0x20011ece</run_address>
         <size>0x28</size>
         <input_file_ref idref="fl-21"/>
      </object_component>
      <object_component id="oc-2c2">
         <name>.text:PRCMPeripheralClkDisable</name>
         <load_address>0x20011ef8</load_address>
         <run_address>0x20011ef8</run_address>
         <size>0x28</size>
         <input_file_ref idref="fl-24"/>
      </object_component>
      <object_component id="oc-301">
         <name>.text:Power_registerNotify</name>
         <load_address>0x20011f20</load_address>
         <run_address>0x20011f20</run_address>
         <size>0x28</size>
         <input_file_ref idref="fl-12"/>
      </object_component>
      <object_component id="oc-5d5">
         <name>.text:free_list_insert</name>
         <load_address>0x20011f48</load_address>
         <run_address>0x20011f48</run_address>
         <size>0x28</size>
         <input_file_ref idref="fl-ea"/>
      </object_component>
      <object_component id="oc-810">
         <name>.text:I2CFIFODataGetNonBlocking</name>
         <load_address>0x20011f70</load_address>
         <run_address>0x20011f70</run_address>
         <size>0x26</size>
         <input_file_ref idref="fl-21"/>
      </object_component>
      <object_component id="oc-6bd">
         <name>.text:I2C_cancel</name>
         <load_address>0x20011f96</load_address>
         <run_address>0x20011f96</run_address>
         <size>0x26</size>
         <input_file_ref idref="fl-e"/>
      </object_component>
      <object_component id="oc-46e">
         <name>.text:List_put</name>
         <load_address>0x20011fbc</load_address>
         <run_address>0x20011fbc</run_address>
         <size>0x26</size>
         <input_file_ref idref="fl-16"/>
      </object_component>
      <object_component id="oc-a28">
         <name>.text:List_remove</name>
         <load_address>0x20011fe2</load_address>
         <run_address>0x20011fe2</run_address>
         <size>0x26</size>
         <input_file_ref idref="fl-16"/>
      </object_component>
      <object_component id="oc-651">
         <name>.text:HwiP_dispatch</name>
         <load_address>0x20012008</load_address>
         <run_address>0x20012008</run_address>
         <size>0x24</size>
         <input_file_ref idref="fl-1b"/>
      </object_component>
      <object_component id="oc-926">
         <name>.text:PowerCC32XX_reset</name>
         <load_address>0x2001202c</load_address>
         <run_address>0x2001202c</run_address>
         <size>0x24</size>
         <input_file_ref idref="fl-12"/>
      </object_component>
      <object_component id="oc-c5">
         <name>.text:_c_int00_noargs:_c_int00_noargs</name>
         <load_address>0x20012050</load_address>
         <run_address>0x20012050</run_address>
         <size>0x24</size>
         <input_file_ref idref="fl-eb"/>
      </object_component>
      <object_component id="oc-818">
         <name>.text:I2CMasterSlaveAddrSet</name>
         <load_address>0x20012074</load_address>
         <run_address>0x20012074</run_address>
         <size>0x22</size>
         <input_file_ref idref="fl-21"/>
      </object_component>
      <object_component id="oc-a20">
         <name>.text:HwiP_destruct</name>
         <load_address>0x20012096</load_address>
         <run_address>0x20012096</run_address>
         <size>0x20</size>
         <input_file_ref idref="fl-1b"/>
      </object_component>
      <object_component id="oc-8ff">
         <name>.text:Power_unregisterNotify</name>
         <load_address>0x200120b8</load_address>
         <run_address>0x200120b8</run_address>
         <size>0x20</size>
         <input_file_ref idref="fl-12"/>
      </object_component>
      <object_component id="oc-912">
         <name>.text:RingBuf_peek</name>
         <load_address>0x200120d8</load_address>
         <run_address>0x200120d8</run_address>
         <size>0x20</size>
         <input_file_ref idref="fl-17"/>
      </object_component>
      <object_component id="oc-3d5">
         <name>.text:TickFct_TempLED</name>
         <load_address>0x200120f8</load_address>
         <run_address>0x200120f8</run_address>
         <size>0x20</size>
         <input_file_ref idref="fl-2"/>
      </object_component>
      <object_component id="oc-920">
         <name>.text:getPowerMgrId</name>
         <load_address>0x20012118</load_address>
         <run_address>0x20012118</run_address>
         <size>0x20</size>
         <input_file_ref idref="fl-15"/>
      </object_component>
      <object_component id="oc-666">
         <name>.text:I2CMasterIntStatusEx</name>
         <load_address>0x20012138</load_address>
         <run_address>0x20012138</run_address>
         <size>0x1e</size>
         <input_file_ref idref="fl-21"/>
      </object_component>
      <object_component id="oc-4d7">
         <name>.text:SemaphoreP_constructBinary</name>
         <load_address>0x20012156</load_address>
         <run_address>0x20012156</run_address>
         <size>0x1e</size>
         <input_file_ref idref="fl-19"/>
      </object_component>
      <object_component id="oc-a02">
         <name>.text:TimerDisable</name>
         <load_address>0x20012174</load_address>
         <run_address>0x20012174</run_address>
         <size>0x1e</size>
         <input_file_ref idref="fl-25"/>
      </object_component>
      <object_component id="oc-9fb">
         <name>.text:TimerEnable</name>
         <load_address>0x20012192</load_address>
         <run_address>0x20012192</run_address>
         <size>0x1e</size>
         <input_file_ref idref="fl-25"/>
      </object_component>
      <object_component id="oc-8b5">
         <name>.text:PinToPadGet</name>
         <load_address>0x200121b0</load_address>
         <run_address>0x200121b0</run_address>
         <size>0x1c</size>
         <input_file_ref idref="fl-23"/>
      </object_component>
      <object_component id="oc-56b">
         <name>.text:SwiP_disable</name>
         <load_address>0x200121cc</load_address>
         <run_address>0x200121cc</run_address>
         <size>0x1c</size>
         <input_file_ref idref="fl-1e"/>
      </object_component>
      <object_component id="oc-327">
         <name>.text:UART_Params_init</name>
         <load_address>0x200121e8</load_address>
         <run_address>0x200121e8</run_address>
         <size>0x1c</size>
         <input_file_ref idref="fl-2"/>
      </object_component>
      <object_component id="oc-5cf">
         <name>.text:free_list_remove</name>
         <load_address>0x20012204</load_address>
         <run_address>0x20012204</run_address>
         <size>0x1c</size>
         <input_file_ref idref="fl-ea"/>
      </object_component>
      <object_component id="oc-629">
         <name>.text:memccpy</name>
         <load_address>0x20012220</load_address>
         <run_address>0x20012220</run_address>
         <size>0x1c</size>
         <input_file_ref idref="fl-fc"/>
      </object_component>
      <object_component id="oc-938">
         <name>.text:ClockP_create</name>
         <load_address>0x2001223c</load_address>
         <run_address>0x2001223c</run_address>
         <size>0x1a</size>
         <input_file_ref idref="fl-1a"/>
      </object_component>
      <object_component id="oc-2e3">
         <name>.text:SemaphoreP_createBinary</name>
         <load_address>0x20012256</load_address>
         <run_address>0x20012256</run_address>
         <size>0x1a</size>
         <input_file_ref idref="fl-19"/>
      </object_component>
      <object_component id="oc-21e">
         <name>.text:UART_read</name>
         <load_address>0x20012270</load_address>
         <run_address>0x20012270</run_address>
         <size>0x1a</size>
         <input_file_ref idref="fl-2"/>
      </object_component>
      <object_component id="oc-218">
         <name>.text:UART_write</name>
         <load_address>0x2001228a</load_address>
         <run_address>0x2001228a</run_address>
         <size>0x1a</size>
         <input_file_ref idref="fl-2"/>
      </object_component>
      <object_component id="oc-21">
         <name>.text:resetISR</name>
         <load_address>0x200122a4</load_address>
         <run_address>0x200122a4</run_address>
         <size>0x1a</size>
         <input_file_ref idref="fl-1d"/>
      </object_component>
      <object_component id="oc-84f">
         <name>.text:I2CMasterBusBusy</name>
         <load_address>0x200122be</load_address>
         <run_address>0x200122be</run_address>
         <size>0x18</size>
         <input_file_ref idref="fl-21"/>
      </object_component>
      <object_component id="oc-678">
         <name>.text:I2CMasterIntDisableEx</name>
         <load_address>0x200122d6</load_address>
         <run_address>0x200122d6</run_address>
         <size>0x18</size>
         <input_file_ref idref="fl-21"/>
      </object_component>
      <object_component id="oc-82a">
         <name>.text:I2CMasterIntEnableEx</name>
         <load_address>0x200122ee</load_address>
         <run_address>0x200122ee</run_address>
         <size>0x18</size>
         <input_file_ref idref="fl-21"/>
      </object_component>
      <object_component id="oc-849">
         <name>.text:I2CRxFIFOFlush</name>
         <load_address>0x20012306</load_address>
         <run_address>0x20012306</run_address>
         <size>0x18</size>
         <input_file_ref idref="fl-21"/>
      </object_component>
      <object_component id="oc-843">
         <name>.text:I2CTxFIFOFlush</name>
         <load_address>0x2001231e</load_address>
         <run_address>0x2001231e</run_address>
         <size>0x18</size>
         <input_file_ref idref="fl-21"/>
      </object_component>
      <object_component id="oc-57d">
         <name>.text:Power_getTransitionLatency</name>
         <load_address>0x20012338</load_address>
         <run_address>0x20012338</run_address>
         <size>0x18</size>
         <input_file_ref idref="fl-12"/>
      </object_component>
      <object_component id="oc-742">
         <name>.text:Power_idleFunc</name>
         <load_address>0x20012350</load_address>
         <run_address>0x20012350</run_address>
         <size>0x18</size>
         <input_file_ref idref="fl-12"/>
      </object_component>
      <object_component id="oc-86b">
         <name>.text:TimerCC32XX_getCount</name>
         <load_address>0x20012368</load_address>
         <run_address>0x20012368</run_address>
         <size>0x18</size>
         <input_file_ref idref="fl-14"/>
      </object_component>
      <object_component id="oc-a08">
         <name>.text:TimerIntDisable</name>
         <load_address>0x20012380</load_address>
         <run_address>0x20012380</run_address>
         <size>0x18</size>
         <input_file_ref idref="fl-25"/>
      </object_component>
      <object_component id="oc-9f5">
         <name>.text:TimerIntEnable</name>
         <load_address>0x20012398</load_address>
         <run_address>0x20012398</run_address>
         <size>0x18</size>
         <input_file_ref idref="fl-25"/>
      </object_component>
      <object_component id="oc-96f">
         <name>.text:UARTBusy</name>
         <load_address>0x200123b0</load_address>
         <run_address>0x200123b0</run_address>
         <size>0x18</size>
         <input_file_ref idref="fl-26"/>
      </object_component>
      <object_component id="oc-a7c">
         <name>.text:UARTIntEnable</name>
         <load_address>0x200123c8</load_address>
         <run_address>0x200123c8</run_address>
         <size>0x18</size>
         <input_file_ref idref="fl-26"/>
      </object_component>
      <object_component id="oc-4af">
         <name>.text:_outc</name>
         <load_address>0x200123e0</load_address>
         <run_address>0x200123e0</run_address>
         <size>0x18</size>
         <input_file_ref idref="fl-de"/>
      </object_component>
      <object_component id="oc-241">
         <name>.text:gpioButtonFxn0</name>
         <load_address>0x200123f8</load_address>
         <run_address>0x200123f8</run_address>
         <size>0x18</size>
         <input_file_ref idref="fl-2"/>
      </object_component>
      <object_component id="oc-247">
         <name>.text:gpioButtonFxn1</name>
         <load_address>0x20012410</load_address>
         <run_address>0x20012410</run_address>
         <size>0x18</size>
         <input_file_ref idref="fl-2"/>
      </object_component>
      <object_component id="oc-59a">
         <name>.text</name>
         <load_address>0x20012428</load_address>
         <run_address>0x20012428</run_address>
         <size>0x18</size>
         <input_file_ref idref="fl-e2"/>
      </object_component>
      <object_component id="oc-373">
         <name>.text:timerCallback</name>
         <load_address>0x20012440</load_address>
         <run_address>0x20012440</run_address>
         <size>0x18</size>
         <input_file_ref idref="fl-2"/>
      </object_component>
      <object_component id="oc-824">
         <name>.text:I2CMasterBurstLengthSet</name>
         <load_address>0x20012458</load_address>
         <run_address>0x20012458</run_address>
         <size>0x16</size>
         <input_file_ref idref="fl-21"/>
      </object_component>
      <object_component id="oc-2b0">
         <name>.text:PRCMHIBRegRead</name>
         <load_address>0x2001246e</load_address>
         <run_address>0x2001246e</run_address>
         <size>0x16</size>
         <input_file_ref idref="fl-24"/>
      </object_component>
      <object_component id="oc-2aa">
         <name>.text:PRCMHIBRegWrite</name>
         <load_address>0x20012484</load_address>
         <run_address>0x20012484</run_address>
         <size>0x16</size>
         <input_file_ref idref="fl-24"/>
      </object_component>
      <object_component id="oc-434">
         <name>.text:SemaphoreP_create</name>
         <load_address>0x2001249a</load_address>
         <run_address>0x2001249a</run_address>
         <size>0x16</size>
         <input_file_ref idref="fl-19"/>
      </object_component>
      <object_component id="oc-7e6">
         <name>.text:strchr</name>
         <load_address>0x200124b0</load_address>
         <run_address>0x200124b0</run_address>
         <size>0x16</size>
         <input_file_ref idref="fl-fd"/>
      </object_component>
      <object_component id="oc-a3">
         <name>.text:CPUcpsid</name>
         <load_address>0x200124c6</load_address>
         <run_address>0x200124c6</run_address>
         <size>0x14</size>
         <input_file_ref idref="fl-20"/>
      </object_component>
      <object_component id="oc-475">
         <name>.text:HwiP_inISR</name>
         <load_address>0x200124dc</load_address>
         <run_address>0x200124dc</run_address>
         <size>0x14</size>
         <input_file_ref idref="fl-1b"/>
      </object_component>
      <object_component id="oc-857">
         <name>.text:I2CSupport_masterFinish</name>
         <load_address>0x200124f0</load_address>
         <run_address>0x200124f0</run_address>
         <size>0x14</size>
         <input_file_ref idref="fl-11"/>
      </object_component>
      <object_component id="oc-34c">
         <name>.text:I2C_transfer</name>
         <load_address>0x20012504</load_address>
         <run_address>0x20012504</run_address>
         <size>0x14</size>
         <input_file_ref idref="fl-e"/>
      </object_component>
      <object_component id="oc-af">
         <name>.text:IntVTableBaseSet</name>
         <load_address>0x20012518</load_address>
         <run_address>0x20012518</run_address>
         <size>0x14</size>
         <input_file_ref idref="fl-22"/>
      </object_component>
      <object_component id="oc-47b">
         <name>.text:Power_disablePolicy</name>
         <load_address>0x2001252c</load_address>
         <run_address>0x2001252c</run_address>
         <size>0x14</size>
         <input_file_ref idref="fl-12"/>
      </object_component>
      <object_component id="oc-8d1">
         <name>.text:Power_getDependencyCount</name>
         <load_address>0x20012540</load_address>
         <run_address>0x20012540</run_address>
         <size>0x14</size>
         <input_file_ref idref="fl-12"/>
      </object_component>
      <object_component id="oc-a76">
         <name>.text:releasePowerConstraint</name>
         <load_address>0x20012554</load_address>
         <run_address>0x20012554</run_address>
         <size>0x14</size>
         <input_file_ref idref="fl-15"/>
      </object_component>
      <object_component id="oc-600">
         <name>.text:strlen</name>
         <load_address>0x20012568</load_address>
         <run_address>0x20012568</run_address>
         <size>0x14</size>
         <input_file_ref idref="fl-fe"/>
      </object_component>
      <object_component id="oc-397">
         <name>.text:HwiP_Params_init</name>
         <load_address>0x2001257c</load_address>
         <run_address>0x2001257c</run_address>
         <size>0x12</size>
         <input_file_ref idref="fl-1b"/>
      </object_component>
      <object_component id="oc-66c">
         <name>.text:I2CMasterIntClearEx</name>
         <load_address>0x2001258e</load_address>
         <run_address>0x2001258e</run_address>
         <size>0x12</size>
         <input_file_ref idref="fl-21"/>
[...]
      </symbol>
      <symbol id="sm-b53">
         <name>HwiP_disableInterrupt</name>
         <value>0x200126e5</value>
         <object_component_ref idref="oc-6ab"/>
      </symbol>
      <symbol id="sm-b83">
         <name>PowerCC32XX_initPolicy</name>
         <value>0x2000e54f</value>
         <object_component_ref idref="oc-41d"/>
      </symbol>
      <symbol id="sm-b84">
         <name>PowerCC32XX_sleepPolicy</name>
         <value>0x2000dd79</value>
         <object_component_ref idref="oc-423"/>
      </symbol>
      <symbol id="sm-bd9">
         <name>resetISR</name>
         <value>0x200122a5</value>
         <object_component_ref idref="oc-21"/>
      </symbol>
      <symbol id="sm-bda">
         <name>resetVectorAddr</name>
         <value>0x200122b8</value>
         <object_component_ref idref="oc-21"/>
      </symbol>
      <symbol id="sm-bdb">
         <name>initVectors</name>
         <value>0x20011a7d</value>
         <object_component_ref idref="oc-59"/>
      </symbol>
      <symbol id="sm-bdc">
         <name>resetVectors</name>
         <value>0x20004000</value>
         <object_component_ref idref="oc-27"/>
      </symbol>
      <symbol id="sm-c0c">
         <name>SwiP_disable</name>
         <value>0x200121cd</value>
         <object_component_ref idref="oc-56b"/>
      </symbol>
      <symbol id="sm-c0d">
         <name>SwiP_restore</name>
         <value>0x20011659</value>
         <object_component_ref idref="oc-5a5"/>
      </symbol>
      <symbol id="sm-c18">
         <name>CPUcpsid</name>
         <value>0x200124c7</value>
         <object_component_ref idref="oc-a3"/>
      </symbol>
      <symbol id="sm-c85">
         <name>I2CRxFIFOFlush</name>
         <value>0x20012307</value>
         <object_component_ref idref="oc-849"/>
      </symbol>
      <symbol id="sm-c86">
         <name>I2CTxFIFOFlush</name>
         <value>0x2001231f</value>
         <object_component_ref idref="oc-843"/>
      </symbol>
      <symbol id="sm-c87">
         <name>I2CFIFODataPutNonBlocking</name>
         <value>0x20011ecf</value>
         <object_component_ref idref="oc-68a"/>
      </symbol>
      <symbol id="sm-c88">
         <name>I2CMasterBusBusy</name>
         <value>0x200122bf</value>
         <object_component_ref idref="oc-84f"/>
      </symbol>
      <symbol id="sm-c89">
         <name>I2CMasterIntDisableEx</name>
         <value>0x200122d7</value>
         <object_component_ref idref="oc-678"/>
      </symbol>
      <symbol id="sm-c8a">
         <name>I2CMasterBurstLengthSet</name>
         <value>0x20012459</value>
         <object_component_ref idref="oc-824"/>
      </symbol>
      <symbol id="sm-c8b">
         <name>I2CMasterIntClearEx</name>
         <value>0x2001258f</value>
         <object_component_ref idref="oc-66c"/>
      </symbol>
      <symbol id="sm-c8c">
         <name>I2CMasterSlaveAddrSet</name>
         <value>0x20012075</value>
         <object_component_ref idref="oc-818"/>
      </symbol>
      <symbol id="sm-c8d">
         <name>I2CMasterIntEnableEx</name>
         <value>0x200122ef</value>
         <object_component_ref idref="oc-82a"/>
      </symbol>
      <symbol id="sm-c8e">
         <name>I2CFIFOStatus</name>
         <value>0x20012669</value>
         <object_component_ref idref="oc-690"/>
      </symbol>
      <symbol id="sm-c8f">
         <name>I2CMasterIntStatusEx</name>
         <value>0x20012139</value>
         <object_component_ref idref="oc-666"/>
      </symbol>
      <symbol id="sm-c90">
         <name>I2CFIFODataGetNonBlocking</name>
         <value>0x20011f71</value>
         <object_component_ref idref="oc-810"/>
      </symbol>
      <symbol id="sm-cd5">
         <name>IntVTableBaseSet</name>
         <value>0x20012519</value>
         <object_component_ref idref="oc-af"/>
      </symbol>
      <symbol id="sm-cd6">
         <name>IntEnable</name>
         <value>0x2000f881</value>
         <object_component_ref idref="oc-b5"/>
      </symbol>
      <symbol id="sm-cd7">
         <name>IntMasterDisable</name>
         <value>0x20012795</value>
         <object_component_ref idref="oc-53"/>
      </symbol>
      <symbol id="sm-cd8">
         <name>IntPendSet</name>
         <value>0x2000ff39</value>
         <object_component_ref idref="oc-8e7"/>
      </symbol>
      <symbol id="sm-d12">
         <name>PinModeGet</name>
         <value>0x20011c31</value>
         <object_component_ref idref="oc-2c8"/>
      </symbol>
      <symbol id="sm-d13">
         <name>PinConfigSet</name>
         <value>0x2000ffc1</value>
         <object_component_ref idref="oc-38b"/>
      </symbol>
      <symbol id="sm-d14">
         <name>PinModeSet</name>
         <value>0x200117a9</value>
         <object_component_ref idref="oc-2ce"/>
      </symbol>
      <symbol id="sm-d15">
         <name>PinToPadGet</name>
         <value>0x200121b1</value>
         <object_component_ref idref="oc-8b5"/>
      </symbol>
      <symbol id="sm-dde">
         <name>PRCMLPDSRestoreInfoSet</name>
         <value>0x2001158d</value>
         <object_component_ref idref="oc-8c9"/>
      </symbol>
      <symbol id="sm-ddf">
         <name>PRCMPeripheralReset</name>
         <value>0x20010d05</value>
         <object_component_ref idref="oc-2bc"/>
      </symbol>
      <symbol id="sm-de0">
         <name>PRCMLPDSEnter</name>
         <value>0x20011355</value>
         <object_component_ref idref="oc-729"/>
      </symbol>
      <symbol id="sm-de1">
         <name>PRCMPeripheralClkEnable</name>
         <value>0x2001139d</value>
         <object_component_ref idref="oc-2b6"/>
      </symbol>
      <symbol id="sm-de2">
         <name>PRCMLPDSEnterKeepDebugIf</name>
         <value>0x200119d5</value>
         <object_component_ref idref="oc-72f"/>
      </symbol>
      <symbol id="sm-de3">
         <name>PRCMCC3200MCUInit</name>
         <value>0x2000ca91</value>
         <object_component_ref idref="oc-1ce"/>
      </symbol>
      <symbol id="sm-de4">
         <name>PRCMHIBRegWrite</name>
         <value>0x20012485</value>
         <object_component_ref idref="oc-2aa"/>
      </symbol>
      <symbol id="sm-de5">
         <name>PRCMSysResetCauseGet</name>
         <value>0x20010add</value>
         <object_component_ref idref="oc-2a3"/>
      </symbol>
      <symbol id="sm-de6">
         <name>PRCMPeripheralClkDisable</name>
         <value>0x20011ef9</value>
         <object_component_ref idref="oc-2c2"/>
      </symbol>
      <symbol id="sm-de7">
         <name>PRCMHIBRegRead</name>
         <value>0x2001246f</value>
         <object_component_ref idref="oc-2b0"/>
      </symbol>
      <symbol id="sm-e2f">
         <name>TimerLoadSet</name>
         <value>0x20011e7b</value>
         <object_component_ref idref="oc-9ee"/>
      </symbol>
      <symbol id="sm-e30">
         <name>TimerDisable</name>
         <value>0x20012175</value>
         <object_component_ref idref="oc-a02"/>
      </symbol>
      <symbol id="sm-e31">
         <name>TimerEnable</name>
         <value>0x20012193</value>
         <object_component_ref idref="oc-9fb"/>
      </symbol>
      <symbol id="sm-e32">
         <name>TimerIntDisable</name>
         <value>0x20012381</value>
         <object_component_ref idref="oc-a08"/>
      </symbol>
      <symbol id="sm-e33">
         <name>TimerPrescaleSet</name>
         <value>0x20011ea5</value>
         <object_component_ref idref="oc-9e8"/>
      </symbol>
      <symbol id="sm-e34">
         <name>TimerControlStall</name>
         <value>0x20011b5d</value>
         <object_component_ref idref="oc-a9f"/>
      </symbol>
      <symbol id="sm-e35">
         <name>TimerIntEnable</name>
         <value>0x20012399</value>
         <object_component_ref idref="oc-9f5"/>
      </symbol>
      <symbol id="sm-e36">
         <name>TimerIntClear</name>
         <value>0x200125b3</value>
         <object_component_ref idref="oc-aa7"/>
      </symbol>
      <symbol id="sm-e4a">
         <name>UARTBusy</name>
         <value>0x200123b1</value>
         <object_component_ref idref="oc-96f"/>
      </symbol>
      <symbol id="sm-e4b">
         <name>UARTIntEnable</name>
         <value>0x200123c9</value>
         <object_component_ref idref="oc-a7c"/>
      </symbol>
      <symbol id="sm-e4f">
         <name>UtilsDelay</name>
         <value>0x200127e3</value>
         <object_component_ref idref="oc-2a9"/>
      </symbol>
      <symbol id="sm-e5f">
         <name>FlashDisable</name>
         <value>0x2001130d</value>
         <object_component_ref idref="oc-8df"/>
      </symbol>
      <symbol id="sm-e8e">
         <name>snprintf</name>
         <value>0x200112c1</value>
         <object_component_ref idref="oc-334"/>
      </symbol>
      <symbol id="sm-e98">
         <name>__aeabi_fmul</name>
         <value>0x2001045b</value>
         <object_component_ref idref="oc-380"/>
      </symbol>
      <symbol id="sm-ea2">
         <name>__aeabi_f2iz</name>
         <value>0x20011aed</value>
         <object_component_ref idref="oc-385"/>
      </symbol>
      <symbol id="sm-ead">
         <name>__aeabi_i2f</name>
         <value>0x20011b25</value>
         <object_component_ref idref="oc-37b"/>
      </symbol>
      <symbol id="sm-eb6">
         <name>__aeabi_lmul</name>
         <value>0x20012429</value>
         <object_component_ref idref="oc-59a"/>
      </symbol>
      <symbol id="sm-ed1">
         <name>memcpy</name>
         <value>0x2000fc51</value>
         <object_component_ref idref="oc-3b"/>
      </symbol>
      <symbol id="sm-ed2">
         <name>__aeabi_memcpy</name>
         <value>0x2000fc51</value>
         <object_component_ref idref="oc-3b"/>
      </symbol>
      <symbol id="sm-ed3">
         <name>__aeabi_memcpy8</name>
         <value>0x2000fc51</value>
         <object_component_ref idref="oc-3b"/>
      </symbol>
      <symbol id="sm-ed4">
         <name>__aeabi_memcpy4</name>
         <value>0x2000fc51</value>
         <object_component_ref idref="oc-3b"/>
      </symbol>
      <symbol id="sm-ee1">
         <name>__aeabi_uldivmod</name>
         <value>0x2000fd85</value>
         <object_component_ref idref="oc-58f"/>
      </symbol>
      <symbol id="sm-ef3">
         <name>__TI_zero_init</name>
         <value>0x2001275d</value>
         <object_component_ref idref="oc-4d"/>
      </symbol>
      <symbol id="sm-f0a">
         <name>__TI_decompress_none</name>
         <value>0x2001272b</value>
         <object_component_ref idref="oc-1a"/>
      </symbol>
      <symbol id="sm-f2d">
         <name>__TI_decompress_lzss</name>
         <value>0x200108dd</value>
         <object_component_ref idref="oc-14"/>
      </symbol>
      <symbol id="sm-f43">
         <name>atoi</name>
         <value>0x20011229</value>
         <object_component_ref idref="oc-224"/>
      </symbol>
      <symbol id="sm-f4e">
         <name>_ctypes_</name>
         <value>0x20012dbc</value>
         <object_component_ref idref="oc-3c8"/>
      </symbol>
      <symbol id="sm-fd7">
         <name>_sys_memory</name>
         <value>0x20004040</value>
         <object_component_ref idref="oc-2a"/>
      </symbol>
      <symbol id="sm-fd8">
         <name>free</name>
         <value>0x2000eee9</value>
         <object_component_ref idref="oc-43f"/>
      </symbol>
      <symbol id="sm-fd9">
         <name>memalign</name>
         <value>0x2000eafd</value>
         <object_component_ref idref="oc-6d9"/>
      </symbol>
      <symbol id="sm-fda">
         <name>malloc</name>
         <value>0x200127b9</value>
         <object_component_ref idref="oc-51c"/>
      </symbol>
      <symbol id="sm-fdb">
         <name>aligned_alloc</name>
         <value>0x2000eafd</value>
         <object_component_ref idref="oc-6d9"/>
      </symbol>
      <symbol id="sm-fed">
         <name>__stack</name>
         <value>0x20003000</value>
         <object_component_ref idref="oc-2d"/>
      </symbol>
      <symbol id="sm-fee">
         <name>_c_int00_noargs</name>
         <value>0x20012051</value>
         <object_component_ref idref="oc-c5"/>
      </symbol>
      <symbol id="sm-1153">
         <name>__TI_printfi</name>
         <value>0x2000c041</value>
         <object_component_ref idref="oc-4a3"/>
      </symbol>
      <symbol id="sm-115d">
         <name>__aeabi_idiv0</name>
         <value>0x20011053</value>
         <object_component_ref idref="oc-6fa"/>
      </symbol>
      <symbol id="sm-115e">
         <name>__aeabi_ldiv0</name>
         <value>0x20011053</value>
         <object_component_ref idref="oc-6fa"/>
      </symbol>
      <symbol id="sm-1175">
         <name>__aeabi_dsub</name>
         <value>0x2000dbc1</value>
         <object_component_ref idref="oc-7ba"/>
      </symbol>
      <symbol id="sm-1176">
         <name>__aeabi_dadd</name>
         <value>0x2000dbcb</value>
         <object_component_ref idref="oc-7ba"/>
      </symbol>
      <symbol id="sm-1198">
         <name>__aeabi_cdcmpeq</name>
         <value>0x200100d1</value>
         <object_component_ref idref="oc-60c"/>
      </symbol>
      <symbol id="sm-1199">
         <name>__aeabi_cdcmple</name>
         <value>0x200100d1</value>
         <object_component_ref idref="oc-60c"/>
      </symbol>
      <symbol id="sm-119a">
         <name>__aeabi_cdrcmple</name>
         <value>0x20010157</value>
         <object_component_ref idref="oc-7a5"/>
      </symbol>
      <symbol id="sm-11ae">
         <name>__aeabi_ddiv</name>
         <value>0x2000e419</value>
         <object_component_ref idref="oc-7a0"/>
      </symbol>
      <symbol id="sm-11b9">
         <name>__aeabi_dmul</name>
         <value>0x2000ecf9</value>
         <object_component_ref idref="oc-79b"/>
      </symbol>
      <symbol id="sm-11c3">
         <name>__aeabi_d2iz</name>
         <value>0x20011475</value>
         <object_component_ref idref="oc-7aa"/>
      </symbol>
      <symbol id="sm-11cd">
         <name>__aeabi_i2d</name>
         <value>0x20011df5</value>
         <object_component_ref idref="oc-7b5"/>
      </symbol>
      <symbol id="sm-11dc">
         <name>__aeabi_memset</name>
         <value>0x200104d7</value>
         <object_component_ref idref="oc-9d"/>
      </symbol>
      <symbol id="sm-11dd">
         <name>memset</name>
         <value>0x200104dd</value>
         <object_component_ref idref="oc-9d"/>
      </symbol>
      <symbol id="sm-11de">
         <name>__aeabi_memset8</name>
         <value>0x200104d7</value>
         <object_component_ref idref="oc-9d"/>
      </symbol>
      <symbol id="sm-11df">
         <name>__aeabi_memset4</name>
         <value>0x200104d7</value>
         <object_component_ref idref="oc-9d"/>
      </symbol>
      <symbol id="sm-11e0">
         <name>__aeabi_memclr8</name>
         <value>0x200104d5</value>
         <object_component_ref idref="oc-9d"/>
      </symbol>
      <symbol id="sm-11e1">
         <name>__aeabi_memclr4</name>
         <value>0x200104d5</value>
         <object_component_ref idref="oc-9d"/>
      </symbol>
      <symbol id="sm-11e2">
         <name>__aeabi_memclr</name>
         <value>0x200104d5</value>
         <object_component_ref idref="oc-9d"/>
      </symbol>
      <symbol id="sm-120a">
         <name>__TI_auto_init_nobinit_nopinit</name>
         <value>0x200116e1</value>
         <object_component_ref idref="oc-172"/>
      </symbol>
      <symbol id="sm-1214">
         <name>_system_pre_init</name>
         <value>0x200127f5</value>
         <object_component_ref idref="oc-114"/>
      </symbol>
      <symbol id="sm-1220">
         <name>C$$EXIT</name>
         <value>0x200127f9</value>
         <object_component_ref idref="oc-166"/>
      </symbol>
      <symbol id="sm-1221">
         <name>abort</name>
         <value>0x200127f9</value>
         <object_component_ref idref="oc-166"/>
      </symbol>
      <symbol id="sm-1236">
         <name>_nop</name>
         <value>0x2000f167</value>
         <object_component_ref idref="oc-3e5"/>
      </symbol>
      <symbol id="sm-1237">
         <name>_lock</name>
         <value>0x20012d90</value>
         <object_component_ref idref="oc-256"/>
      </symbol>
      <symbol id="sm-1238">
         <name>_unlock</name>
         <value>0x20012d94</value>
         <object_component_ref idref="oc-256"/>
      </symbol>
      <symbol id="sm-1247">
         <name>__TI_ltoa</name>
         <value>0x20010e61</value>
         <object_component_ref idref="oc-7af"/>
      </symbol>
      <symbol id="sm-1258">
         <name>memccpy</name>
         <value>0x20012221</value>
         <object_component_ref idref="oc-629"/>
      </symbol>
      <symbol id="sm-1268">
         <name>strchr</name>
         <value>0x200124b1</value>
         <object_component_ref idref="oc-7e6"/>
      </symbol>
      <symbol id="sm-1276">
         <name>strlen</name>
         <value>0x20012569</value>
         <object_component_ref idref="oc-600"/>
      </symbol>
      <symbol id="sm-128c">
         <name>__aeabi_errno_addr</name>
         <value>0x200127b1</value>
         <object_component_ref idref="oc-635"/>
      </symbol>
      <symbol id="sm-128d">
         <name>errno</name>
         <value>0x20012db8</value>
         <object_component_ref idref="oc-7f6"/>
      </symbol>
      <symbol id="sm-12ad">
         <name>frexpl</name>
         <value>0x20010bf5</value>
         <object_component_ref idref="oc-7da"/>
      </symbol>
      <symbol id="sm-12ae">
         <name>frexp</name>
         <value>0x20010bf5</value>
         <object_component_ref idref="oc-7da"/>
      </symbol>
      <symbol id="sm-12cc">
         <name>scalbn</name>
         <value>0x2000efcd</value>
         <object_component_ref idref="oc-7e0"/>
      </symbol>
      <symbol id="sm-12cd">
         <name>scalbnl</name>
         <value>0x2000efcd</value>
         <object_component_ref idref="oc-7e0"/>
      </symbol>
      <symbol id="sm-12ce">
         <name>ldexpl</name>
         <value>0x2000efcd</value>
         <object_component_ref idref="oc-7e0"/>
      </symbol>
      <symbol id="sm-12cf">
         <name>ldexp</name>
         <value>0x2000efcd</value>
         <object_component_ref idref="oc-7e0"/>
      </symbol>
      <symbol id="sm-12d9">
         <name>copysign</name>
         <value>0x20012751</value>
         <object_component_ref idref="oc-997"/>
      </symbol>
      <symbol id="sm-12da">
         <name>copysignl</name>
         <value>0x20012751</value>
         <object_component_ref idref="oc-997"/>
      </symbol>
      <symbol id="sm-12f3">
         <name>wcslen</name>
         <value>0x200125d7</value>
         <object_component_ref idref="oc-62f"/>
      </symbol>
      <symbol id="sm-12f4">
         <name>__TI_static_base__</name>
         <value>0x200136f8</value>
      </symbol>
      <symbol id="sm-12f7">
         <name>ITM_flush</name>
         <value>0x0</value>
      </symbol>
      <symbol id="sm-12f8">
         <name>ITM_restore</name>
         <value>0x0</value>
      </symbol>
      <symbol id="sm-12f9">
         <name>__mpu_init</name>
         <value>0x0</value>
      </symbol>
      <symbol id="sm-12fa">
         <name>_system_post_cinit</name>
         <value>0x0</value>
      </symbol>
      <symbol id="sm-12fb">
         <name>NoRTOS_start</name>
         <value>0x200126f3</value>
      </symbol>
   </symbol_table>
   <title>Link successful</title>
</link_info>
